Component: ARM Compiler 5.06 update 5 (build 528) Tool: armlink [4d35e2]

==============================================================================

Section Cross References

    startup_stm32f103xb.o(RESET) refers to startup_stm32f103xb.o(STACK) for __initial_sp
    startup_stm32f103xb.o(RESET) refers to startup_stm32f103xb.o(.text) for Reset_Handler
    startup_stm32f103xb.o(RESET) refers to stm32f1xx_it.o(i.NMI_Handler) for NMI_Handler
    startup_stm32f103xb.o(RESET) refers to stm32f1xx_it.o(i.HardFault_Handler) for HardFault_Handler
    startup_stm32f103xb.o(RESET) refers to stm32f1xx_it.o(i.MemManage_Handler) for MemManage_Handler
    startup_stm32f103xb.o(RESET) refers to stm32f1xx_it.o(i.BusFault_Handler) for BusFault_Handler
    startup_stm32f103xb.o(RESET) refers to stm32f1xx_it.o(i.UsageFault_Handler) for UsageFault_Handler
    startup_stm32f103xb.o(RESET) refers to stm32f1xx_it.o(i.SVC_Handler) for SVC_Handler
    startup_stm32f103xb.o(RESET) refers to stm32f1xx_it.o(i.DebugMon_Handler) for DebugMon_Handler
    startup_stm32f103xb.o(RESET) refers to stm32f1xx_it.o(i.PendSV_Handler) for PendSV_Handler
    startup_stm32f103xb.o(RESET) refers to stm32f1xx_it.o(i.SysTick_Handler) for SysTick_Handler
    startup_stm32f103xb.o(.text) refers to system_stm32f1xx.o(i.SystemInit) for SystemInit
    startup_stm32f103xb.o(.text) refers to entry.o(.ARM.Collect$$$$00000000) for __main
    mpu6050.o(i.App_MPU6050_Proc) refers to stm32f1xx_hal.o(i.HAL_GetTick) for HAL_GetTick
    mpu6050.o(i.App_MPU6050_Proc) refers to mpu6050.o(i.MPU6050_Update) for MPU6050_Update
    mpu6050.o(i.App_MPU6050_Proc) refers to fmul.o(.text) for __aeabi_fmul
    mpu6050.o(i.App_MPU6050_Proc) refers to fadd.o(.text) for __aeabi_fadd
    mpu6050.o(i.App_MPU6050_Proc) refers to qmath.o(i.qatan2) for qatan2
    mpu6050.o(i.App_MPU6050_Proc) refers to fdiv.o(.text) for __aeabi_fdiv
    mpu6050.o(i.App_MPU6050_Proc) refers to mpu6050.o(.data) for .data
    mpu6050.o(i.MPU6050_GetAx) refers to mpu6050.o(.data) for .data
    mpu6050.o(i.MPU6050_GetAy) refers to mpu6050.o(.data) for .data
    mpu6050.o(i.MPU6050_GetAz) refers to mpu6050.o(.data) for .data
    mpu6050.o(i.MPU6050_GetGx) refers to mpu6050.o(.data) for .data
    mpu6050.o(i.MPU6050_GetGy) refers to mpu6050.o(.data) for .data
    mpu6050.o(i.MPU6050_GetGz) refers to mpu6050.o(.data) for .data
    mpu6050.o(i.MPU6050_GetPitch) refers to mpu6050.o(.data) for .data
    mpu6050.o(i.MPU6050_GetRoll) refers to mpu6050.o(.data) for .data
    mpu6050.o(i.MPU6050_GetTemperature) refers to mpu6050.o(.data) for .data
    mpu6050.o(i.MPU6050_GetYaw) refers to mpu6050.o(.data) for .data
    mpu6050.o(i.MPU6050_Init) refers to stm32f1xx_hal_i2c.o(i.HAL_I2C_Mem_Write) for HAL_I2C_Mem_Write
    mpu6050.o(i.MPU6050_Init) refers to stm32f1xx_hal.o(i.HAL_Delay) for HAL_Delay
    mpu6050.o(i.MPU6050_Init) refers to i2c.o(.bss) for hi2c1
    mpu6050.o(i.MPU6050_ReadReg) refers to stm32f1xx_hal_i2c.o(i.HAL_I2C_Mem_Read) for HAL_I2C_Mem_Read
    mpu6050.o(i.MPU6050_ReadReg) refers to i2c.o(.bss) for hi2c1
    mpu6050.o(i.MPU6050_Update) refers to mpu6050.o(i.MPU6050_ReadReg) for MPU6050_ReadReg
    mpu6050.o(i.MPU6050_Update) refers to fflti.o(.text) for __aeabi_i2f
    mpu6050.o(i.MPU6050_Update) refers to fmul.o(.text) for __aeabi_fmul
    mpu6050.o(i.MPU6050_Update) refers to fdiv.o(.text) for __aeabi_fdiv
    mpu6050.o(i.MPU6050_Update) refers to fadd.o(.text) for __aeabi_fadd
    mpu6050.o(i.MPU6050_Update) refers to mpu6050.o(.data) for .data
    mpu6050_test.o(i.MPU6050_EularAngleTest) refers to mpu6050.o(i.MPU6050_Init) for MPU6050_Init
    mpu6050_test.o(i.MPU6050_EularAngleTest) refers to mpu6050.o(i.App_MPU6050_Proc) for App_MPU6050_Proc
    mpu6050_test.o(i.MPU6050_EularAngleTest) refers to mpu6050_test.o(i.USART2_Proc) for USART2_Proc
    mpu6050_test.o(i.MPU6050_Test) refers to mpu6050.o(i.MPU6050_Init) for MPU6050_Init
    mpu6050_test.o(i.MPU6050_Test) refers to printfa.o(i.__0printf) for __2printf
    mpu6050_test.o(i.MPU6050_Test) refers to mpu6050.o(i.MPU6050_Update) for MPU6050_Update
    mpu6050_test.o(i.MPU6050_Test) refers to mpu6050.o(i.MPU6050_GetAx) for MPU6050_GetAx
    mpu6050_test.o(i.MPU6050_Test) refers to mpu6050.o(i.MPU6050_GetAy) for MPU6050_GetAy
    mpu6050_test.o(i.MPU6050_Test) refers to mpu6050.o(i.MPU6050_GetAz) for MPU6050_GetAz
    mpu6050_test.o(i.MPU6050_Test) refers to mpu6050.o(i.MPU6050_GetTemperature) for MPU6050_GetTemperature
    mpu6050_test.o(i.MPU6050_Test) refers to mpu6050.o(i.MPU6050_GetGx) for MPU6050_GetGx
    mpu6050_test.o(i.MPU6050_Test) refers to mpu6050.o(i.MPU6050_GetGy) for MPU6050_GetGy
    mpu6050_test.o(i.MPU6050_Test) refers to mpu6050.o(i.MPU6050_GetGz) for MPU6050_GetGz
    mpu6050_test.o(i.MPU6050_Test) refers to f2d.o(.text) for __aeabi_f2d
    mpu6050_test.o(i.MPU6050_Test) refers to stm32f1xx_hal.o(i.HAL_Delay) for HAL_Delay
    mpu6050_test.o(i.USART2_Proc) refers to stm32f1xx_hal.o(i.HAL_GetTick) for HAL_GetTick
[...]
    printfa.o(i._printf_pre_padding) refers (Special) to iusefp.o(.text) for __I$use$fp
    printfa.o(i._snputc) refers (Special) to iusefp.o(.text) for __I$use$fp
    printfa.o(i._sputc) refers (Special) to iusefp.o(.text) for __I$use$fp
    fadd.o(.text) refers (Special) to iusefp.o(.text) for __I$use$fp
    fadd.o(.text) refers to fepilogue.o(.text) for _float_epilogue
    fmul.o(.text) refers (Special) to iusefp.o(.text) for __I$use$fp
    fdiv.o(.text) refers (Special) to iusefp.o(.text) for __I$use$fp
    fdiv.o(.text) refers to fepilogue.o(.text) for _float_round
    fflti.o(.text) refers (Special) to iusefp.o(.text) for __I$use$fp
    fflti.o(.text) refers to fepilogue.o(.text) for _float_epilogue
    ffltui.o(.text) refers (Special) to iusefp.o(.text) for __I$use$fp
    ffltui.o(.text) refers to fepilogue.o(.text) for _float_epilogue
    ffixui.o(.text) refers (Special) to iusefp.o(.text) for __I$use$fp
    f2d.o(.text) refers (Special) to iusefp.o(.text) for __I$use$fp
    cfcmple.o(.text) refers (Special) to iusefp.o(.text) for __I$use$fp
    cfrcmple.o(.text) refers (Special) to iusefp.o(.text) for __I$use$fp
    entry2.o(.ARM.Collect$$$$00000001) refers to entry2.o(.ARM.Collect$$$$00002712) for __lit__00000000
    entry2.o(.ARM.Collect$$$$00002712) refers to startup_stm32f103xb.o(STACK) for __initial_sp
    entry2.o(__vectab_stack_and_reset_area) refers to startup_stm32f103xb.o(STACK) for __initial_sp
    entry2.o(__vectab_stack_and_reset_area) refers to entry.o(.ARM.Collect$$$$00000000) for __main
    entry5.o(.ARM.Collect$$$$00000004) refers to init.o(.text) for __scatterload
    entry9a.o(.ARM.Collect$$$$0000000B) refers to main.o(i.main) for main
    entry9b.o(.ARM.Collect$$$$0000000C) refers to main.o(i.main) for main
    uldiv.o(.text) refers to llushr.o(.text) for __aeabi_llsr
    uldiv.o(.text) refers to llshl.o(.text) for __aeabi_llsl
    dadd.o(.text) refers to llshl.o(.text) for __aeabi_llsl
    dadd.o(.text) refers to llsshr.o(.text) for __aeabi_lasr
    dadd.o(.text) refers to depilogue.o(.text) for _double_epilogue
    dmul.o(.text) refers to depilogue.o(.text) for _double_epilogue
    ddiv.o(.text) refers to depilogue.o(.text) for _double_round
    dfixul.o(.text) refers to llushr.o(.text) for __aeabi_llsr
    dfixul.o(.text) refers to llshl.o(.text) for __aeabi_llsl
    init.o(.text) refers to entry5.o(.ARM.Collect$$$$00000004) for __main_after_scatterload
    depilogue.o(.text) refers to llshl.o(.text) for __aeabi_llsl
    depilogue.o(.text) refers to llushr.o(.text) for __aeabi_llsr


==============================================================================

Removing Unused input sections from the image.

    Removing startup_stm32f103xb.o(HEAP), (512 bytes).
    Removing mpu6050.o(.rev16_text), (4 bytes).
    Removing mpu6050.o(.revsh_text), (4 bytes).
    Removing mpu6050.o(.rrx_text), (6 bytes).
    Removing mpu6050_test.o(.rev16_text), (4 bytes).
    Removing mpu6050_test.o(.revsh_text), (4 bytes).
    Removing mpu6050_test.o(.rrx_text), (6 bytes).
    Removing mpu6050_test.o(i.MPU6050_Test), (208 bytes).
    Removing main.o(.rev16_text), (4 bytes).
    Removing main.o(.revsh_text), (4 bytes).
    Removing main.o(.rrx_text), (6 bytes).
    Removing gpio.o(.rev16_text), (4 bytes).
    Removing gpio.o(.revsh_text), (4 bytes).
    Removing gpio.o(.rrx_text), (6 bytes).
    Removing i2c.o(.rev16_text), (4 bytes).
    Removing i2c.o(.revsh_text), (4 bytes).
    Removing i2c.o(.rrx_text), (6 bytes).
    Removing i2c.o(i.HAL_I2C_MspDeInit), (56 bytes).
    Removing usart.o(.rev16_text), (4 bytes).
    Removing usart.o(.revsh_text), (4 bytes).
    Removing usart.o(.rrx_text), (6 bytes).
    Removing usart.o(i.HAL_UART_MspDeInit), (64 bytes).
    Removing stm32f1xx_it.o(.rev16_text), (4 bytes).
    Removing stm32f1xx_it.o(.revsh_text), (4 bytes).
    Removing stm32f1xx_it.o(.rrx_text), (6 bytes).
    Removing stm32f1xx_hal_msp.o(.rev16_text), (4 bytes).
    Removing stm32f1xx_hal_msp.o(.revsh_text), (4 bytes).
    Removing stm32f1xx_hal_msp.o(.rrx_text), (6 bytes).
    Removing qmath.o(.rev16_text), (4 bytes).
    Removing qmath.o(.revsh_text), (4 bytes).
    Removing qmath.o(.rrx_text), (6 bytes).
    Removing qmath.o(i.qacos), (20 bytes).
    Removing qmath.o(i.qasin), (80 bytes).
    Removing qmath.o(i.qcos), (20 bytes).
    Removing qmath.o(i.qsin), (164 bytes).
    Removing qmath.o(i.qtan), (152 bytes).
    Removing qmath.o(i.table_lerp), (76 bytes).
    Removing stm32f1xx_hal_gpio_ex.o(.rev16_text), (4 bytes).
    Removing stm32f1xx_hal_gpio_ex.o(.revsh_text), (4 bytes).
    Removing stm32f1xx_hal_gpio_ex.o(.rrx_text), (6 bytes).
    Removing stm32f1xx_hal_gpio_ex.o(i.HAL_GPIOEx_ConfigEventout), (20 bytes).
    Removing stm32f1xx_hal_gpio_ex.o(i.HAL_GPIOEx_DisableEventout), (16 bytes).
    Removing stm32f1xx_hal_gpio_ex.o(i.HAL_GPIOEx_EnableEventout), (16 bytes).
    Removing stm32f1xx_hal_i2c.o(.rev16_text), (4 bytes).
    Removing stm32f1xx_hal_i2c.o(.revsh_text), (4 bytes).
    Removing stm32f1xx_hal_i2c.o(.rrx_text), (6 bytes).
    Removing stm32f1xx_hal_i2c.o(i.HAL_I2C_AbortCpltCallback), (2 bytes).
    Removing stm32f1xx_hal_i2c.o(i.HAL_I2C_AddrCallback), (2 bytes).
    Removing stm32f1xx_hal_i2c.o(i.HAL_I2C_DeInit), (50 bytes).
    Removing stm32f1xx_hal_i2c.o(i.HAL_I2C_DisableListen_IT), (68 bytes).
    Removing stm32f1xx_hal_i2c.o(i.HAL_I2C_ER_IRQHandler), (196 bytes).
    Removing stm32f1xx_hal_i2c.o(i.HAL_I2C_EV_IRQHandler), (560 bytes).
    Removing stm32f1xx_hal_i2c.o(i.HAL_I2C_EnableListen_IT), (58 bytes).
    Removing stm32f1xx_hal_i2c.o(i.HAL_I2C_ErrorCallback), (2 bytes).
    Removing stm32f1xx_hal_i2c.o(i.HAL_I2C_GetError), (4 bytes).
    Removing stm32f1xx_hal_i2c.o(i.HAL_I2C_GetMode), (6 bytes).
    Removing stm32f1xx_hal_i2c.o(i.HAL_I2C_GetState), (6 bytes).
    Removing stm32f1xx_hal_i2c.o(i.HAL_I2C_IsDeviceReady), (364 bytes).
    Removing stm32f1xx_hal_i2c.o(i.HAL_I2C_ListenCpltCallback), (2 bytes).
    Removing stm32f1xx_hal_i2c.o(i.HAL_I2C_MasterRxCpltCallback), (2 bytes).
    Removing stm32f1xx_hal_i2c.o(i.HAL_I2C_MasterTxCpltCallback), (2 bytes).
    Removing stm32f1xx_hal_i2c.o(i.HAL_I2C_Master_Abort_IT), (98 bytes).
    Removing stm32f1xx_hal_i2c.o(i.HAL_I2C_Master_Receive), (592 bytes).
    Removing stm32f1xx_hal_i2c.o(i.HAL_I2C_Master_Receive_DMA), (340 bytes).
    Removing stm32f1xx_hal_i2c.o(i.HAL_I2C_Master_Receive_IT), (196 bytes).
    Removing stm32f1xx_hal_i2c.o(i.HAL_I2C_Master_Seq_Receive_DMA), (552 bytes).
    Removing stm32f1xx_hal_i2c.o(i.HAL_I2C_Master_Seq_Receive_IT), (320 bytes).
    Removing stm32f1xx_hal_i2c.o(i.HAL_I2C_Master_Seq_Transmit_DMA), (452 bytes).
    Removing stm32f1xx_hal_i2c.o(i.HAL_I2C_Master_Seq_Transmit_IT), (212 bytes).
    Removing stm32f1xx_hal_i2c.o(i.HAL_I2C_Master_Transmit), (300 bytes).
    Removing stm32f1xx_hal_i2c.o(i.HAL_I2C_Master_Transmit_DMA), (340 bytes).
    Removing stm32f1xx_hal_i2c.o(i.HAL_I2C_Master_Transmit_IT), (184 bytes).
    Removing stm32f1xx_hal_i2c.o(i.HAL_I2C_MemRxCpltCallback), (2 bytes).
    Removing stm32f1xx_hal_i2c.o(i.HAL_I2C_MemTxCpltCallback), (2 bytes).
    Removing stm32f1xx_hal_i2c.o(i.HAL_I2C_Mem_Read_DMA), (452 bytes).
    Removing stm32f1xx_hal_i2c.o(i.HAL_I2C_Mem_Read_IT), (220 bytes).
    Removing stm32f1xx_hal_i2c.o(i.HAL_I2C_Mem_Write_DMA), (400 bytes).
    Removing stm32f1xx_hal_i2c.o(i.HAL_I2C_Mem_Write_IT), (208 bytes).
    Removing stm32f1xx_hal_i2c.o(i.HAL_I2C_MspDeInit), (2 bytes).
    Removing stm32f1xx_hal_i2c.o(i.HAL_I2C_MspInit), (2 bytes).
    Removing stm32f1xx_hal_i2c.o(i.HAL_I2C_SlaveRxCpltCallback), (2 bytes).
    Removing stm32f1xx_hal_i2c.o(i.HAL_I2C_SlaveTxCpltCallback), (2 bytes).
    Removing stm32f1xx_hal_i2c.o(i.HAL_I2C_Slave_Receive), (372 bytes).
    Removing stm32f1xx_hal_i2c.o(i.HAL_I2C_Slave_Receive_DMA), (228 bytes).
    Removing stm32f1xx_hal_i2c.o(i.HAL_I2C_Slave_Receive_IT), (124 bytes).
    Removing stm32f1xx_hal_i2c.o(i.HAL_I2C_Slave_Seq_Receive_DMA), (352 bytes).
    Removing stm32f1xx_hal_i2c.o(i.HAL_I2C_Slave_Seq_Receive_IT), (116 bytes).
    Removing stm32f1xx_hal_i2c.o(i.HAL_I2C_Slave_Seq_Transmit_DMA), (352 bytes).
    Removing stm32f1xx_hal_i2c.o(i.HAL_I2C_Slave_Seq_Transmit_IT), (116 bytes).
    Removing stm32f1xx_hal_i2c.o(i.HAL_I2C_Slave_Transmit), (348 bytes).
    Removing stm32f1xx_hal_i2c.o(i.HAL_I2C_Slave_Transmit_DMA), (228 bytes).
    Removing stm32f1xx_hal_i2c.o(i.HAL_I2C_Slave_Transmit_IT), (124 bytes).
    Removing stm32f1xx_hal_i2c.o(i.I2C_DMAAbort), (188 bytes).
    Removing stm32f1xx_hal_i2c.o(i.I2C_DMAError), (54 bytes).
    Removing stm32f1xx_hal_i2c.o(i.I2C_DMAXferCplt), (274 bytes).
    Removing stm32f1xx_hal_i2c.o(i.I2C_Flush_DR), (16 bytes).
    Removing stm32f1xx_hal_i2c.o(i.I2C_ITError), (344 bytes).
    Removing stm32f1xx_hal_i2c.o(i.I2C_MasterReceive_BTF), (218 bytes).
    Removing stm32f1xx_hal_i2c.o(i.I2C_MasterReceive_RXNE), (244 bytes).
    Removing stm32f1xx_hal_i2c.o(i.I2C_MasterRequestRead), (236 bytes).
    Removing stm32f1xx_hal_i2c.o(i.I2C_MasterRequestWrite), (156 bytes).
    Removing stm32f1xx_hal_i2c.o(i.I2C_MasterTransmit_BTF), (130 bytes).
    Removing stm32f1xx_hal_i2c.o(i.I2C_MasterTransmit_TXE), (182 bytes).
    Removing stm32f1xx_hal_i2c.o(i.I2C_Master_ADDR), (344 bytes).
    Removing stm32f1xx_hal_i2c.o(i.I2C_Master_SB), (140 bytes).
    Removing stm32f1xx_hal_i2c.o(i.I2C_MemoryTransmit_TXE_BTF), (168 bytes).
    Removing stm32f1xx_hal_i2c.o(i.I2C_Slave_ADDR), (70 bytes).
    Removing stm32f1xx_hal_i2c.o(i.I2C_Slave_AF), (144 bytes).
    Removing stm32f1xx_hal_i2c.o(i.I2C_Slave_STOPF), (348 bytes).
    Removing stm32f1xx_hal.o(.rev16_text), (4 bytes).
    Removing stm32f1xx_hal.o(.revsh_text), (4 bytes).
    Removing stm32f1xx_hal.o(.rrx_text), (6 bytes).
    Removing stm32f1xx_hal.o(i.HAL_DBGMCU_DisableDBGSleepMode), (16 bytes).
    Removing stm32f1xx_hal.o(i.HAL_DBGMCU_DisableDBGStandbyMode), (16 bytes).
    Removing stm32f1xx_hal.o(i.HAL_DBGMCU_DisableDBGStopMode), (16 bytes).
    Removing stm32f1xx_hal.o(i.HAL_DBGMCU_EnableDBGSleepMode), (16 bytes).
    Removing stm32f1xx_hal.o(i.HAL_DBGMCU_EnableDBGStandbyMode), (16 bytes).
    Removing stm32f1xx_hal.o(i.HAL_DBGMCU_EnableDBGStopMode), (16 bytes).
    Removing stm32f1xx_hal.o(i.HAL_DeInit), (32 bytes).
    Removing stm32f1xx_hal.o(i.HAL_GetDEVID), (16 bytes).
    Removing stm32f1xx_hal.o(i.HAL_GetHalVersion), (8 bytes).
    Removing stm32f1xx_hal.o(i.HAL_GetREVID), (12 bytes).
    Removing stm32f1xx_hal.o(i.HAL_GetTickFreq), (12 bytes).
    Removing stm32f1xx_hal.o(i.HAL_GetTickPrio), (12 bytes).
    Removing stm32f1xx_hal.o(i.HAL_GetUIDw0), (12 bytes).
    Removing stm32f1xx_hal.o(i.HAL_GetUIDw1), (12 bytes).
    Removing stm32f1xx_hal.o(i.HAL_GetUIDw2), (12 bytes).
    Removing stm32f1xx_hal.o(i.HAL_MspDeInit), (2 bytes).
    Removing stm32f1xx_hal.o(i.HAL_MspInit), (2 bytes).
    Removing stm32f1xx_hal.o(i.HAL_ResumeTick), (14 bytes).
    Removing stm32f1xx_hal.o(i.HAL_SetTickFreq), (36 bytes).
    Removing stm32f1xx_hal.o(i.HAL_SuspendTick), (14 bytes).
    Removing stm32f1xx_hal_rcc.o(.rev16_text), (4 bytes).
    Removing stm32f1xx_hal_rcc.o(.revsh_text), (4 bytes).
    Removing stm32f1xx_hal_rcc.o(.rrx_text), (6 bytes).
    Removing stm32f1xx_hal_rcc.o(i.HAL_RCC_CSSCallback), (2 bytes).
    Removing stm32f1xx_hal_rcc.o(i.HAL_RCC_DeInit), (220 bytes).
    Removing stm32f1xx_hal_rcc.o(i.HAL_RCC_DisableCSS), (12 bytes).
    Removing stm32f1xx_hal_rcc.o(i.HAL_RCC_EnableCSS), (12 bytes).
    Removing stm32f1xx_hal_rcc.o(i.HAL_RCC_GetClockConfig), (64 bytes).
    Removing stm32f1xx_hal_rcc.o(i.HAL_RCC_GetHCLKFreq), (12 bytes).
    Removing stm32f1xx_hal_rcc.o(i.HAL_RCC_GetOscConfig), (144 bytes).
    Removing stm32f1xx_hal_rcc.o(i.HAL_RCC_MCOConfig), (72 bytes).
    Removing stm32f1xx_hal_rcc.o(i.HAL_RCC_NMI_IRQHandler), (24 bytes).
    Removing stm32f1xx_hal_rcc_ex.o(.rev16_text), (4 bytes).
    Removing stm32f1xx_hal_rcc_ex.o(.revsh_text), (4 bytes).
    Removing stm32f1xx_hal_rcc_ex.o(.rrx_text), (6 bytes).
    Removing stm32f1xx_hal_rcc_ex.o(i.HAL_RCCEx_GetPeriphCLKConfig), (44 bytes).
    Removing stm32f1xx_hal_rcc_ex.o(i.HAL_RCCEx_GetPeriphCLKFreq), (164 bytes).
    Removing stm32f1xx_hal_rcc_ex.o(i.HAL_RCCEx_PeriphCLKConfig), (236 bytes).
    Removing stm32f1xx_hal_rcc_ex.o(.constdata), (18 bytes).
    Removing stm32f1xx_hal_gpio.o(.rev16_text), (4 bytes).
    Removing stm32f1xx_hal_gpio.o(.revsh_text), (4 bytes).
    Removing stm32f1xx_hal_gpio.o(.rrx_text), (6 bytes).
    Removing stm32f1xx_hal_gpio.o(i.HAL_GPIO_DeInit), (280 bytes).
    Removing stm32f1xx_hal_gpio.o(i.HAL_GPIO_EXTI_Callback), (2 bytes).
    Removing stm32f1xx_hal_gpio.o(i.HAL_GPIO_EXTI_IRQHandler), (24 bytes).
    Removing stm32f1xx_hal_gpio.o(i.HAL_GPIO_LockPin), (34 bytes).
    Removing stm32f1xx_hal_gpio.o(i.HAL_GPIO_ReadPin), (10 bytes).
    Removing stm32f1xx_hal_gpio.o(i.HAL_GPIO_TogglePin), (16 bytes).
    Removing stm32f1xx_hal_gpio.o(i.HAL_GPIO_WritePin), (10 bytes).
    Removing stm32f1xx_hal_dma.o(.rev16_text), (4 bytes).
    Removing stm32f1xx_hal_dma.o(.revsh_text), (4 bytes).
    Removing stm32f1xx_hal_dma.o(.rrx_text), (6 bytes).
    Removing stm32f1xx_hal_dma.o(i.DMA_SetConfig), (42 bytes).
    Removing stm32f1xx_hal_dma.o(i.HAL_DMA_Abort), (70 bytes).
    Removing stm32f1xx_hal_dma.o(i.HAL_DMA_Abort_IT), (152 bytes).
    Removing stm32f1xx_hal_dma.o(i.HAL_DMA_DeInit), (92 bytes).
    Removing stm32f1xx_hal_dma.o(i.HAL_DMA_GetError), (4 bytes).
    Removing stm32f1xx_hal_dma.o(i.HAL_DMA_GetState), (6 bytes).
    Removing stm32f1xx_hal_dma.o(i.HAL_DMA_IRQHandler), (340 bytes).
    Removing stm32f1xx_hal_dma.o(i.HAL_DMA_Init), (92 bytes).
    Removing stm32f1xx_hal_dma.o(i.HAL_DMA_PollForTransfer), (532 bytes).
    Removing stm32f1xx_hal_dma.o(i.HAL_DMA_RegisterCallback), (74 bytes).
    Removing stm32f1xx_hal_dma.o(i.HAL_DMA_Start), (80 bytes).
    Removing stm32f1xx_hal_dma.o(i.HAL_DMA_Start_IT), (112 bytes).
    Removing stm32f1xx_hal_dma.o(i.HAL_DMA_UnRegisterCallback), (82 bytes).
    Removing stm32f1xx_hal_cortex.o(.rev16_text), (4 bytes).
    Removing stm32f1xx_hal_cortex.o(.revsh_text), (4 bytes).
    Removing stm32f1xx_hal_cortex.o(.rrx_text), (6 bytes).
    Removing stm32f1xx_hal_cortex.o(i.HAL_NVIC_ClearPendingIRQ), (26 bytes).
    Removing stm32f1xx_hal_cortex.o(i.HAL_NVIC_DisableIRQ), (34 bytes).
    Removing stm32f1xx_hal_cortex.o(i.HAL_NVIC_EnableIRQ), (26 bytes).
    Removing stm32f1xx_hal_cortex.o(i.HAL_NVIC_GetActive), (36 bytes).
    Removing stm32f1xx_hal_cortex.o(i.HAL_NVIC_GetPendingIRQ), (36 bytes).
    Removing stm32f1xx_hal_cortex.o(i.HAL_NVIC_GetPriority), (82 bytes).
    Removing stm32f1xx_hal_cortex.o(i.HAL_NVIC_GetPriorityGrouping), (16 bytes).
    Removing stm32f1xx_hal_cortex.o(i.HAL_NVIC_SetPendingIRQ), (26 bytes).
    Removing stm32f1xx_hal_cortex.o(i.HAL_NVIC_SystemReset), (36 bytes).
    Removing stm32f1xx_hal_cortex.o(i.HAL_SYSTICK_CLKSourceConfig), (24 bytes).
    Removing stm32f1xx_hal_cortex.o(i.HAL_SYSTICK_Callback), (2 bytes).
    Removing stm32f1xx_hal_cortex.o(i.HAL_SYSTICK_IRQHandler), (8 bytes).
    Removing stm32f1xx_hal_pwr.o(.rev16_text), (4 bytes).
    Removing stm32f1xx_hal_pwr.o(.revsh_text), (4 bytes).
    Removing stm32f1xx_hal_pwr.o(.rrx_text), (6 bytes).
    Removing stm32f1xx_hal_pwr.o(i.HAL_PWR_ConfigPVD), (124 bytes).
    Removing stm32f1xx_hal_pwr.o(i.HAL_PWR_DeInit), (24 bytes).
    Removing stm32f1xx_hal_pwr.o(i.HAL_PWR_DisableBkUpAccess), (12 bytes).
    Removing stm32f1xx_hal_pwr.o(i.HAL_PWR_DisablePVD), (12 bytes).
    Removing stm32f1xx_hal_pwr.o(i.HAL_PWR_DisableSEVOnPend), (16 bytes).
    Removing stm32f1xx_hal_pwr.o(i.HAL_PWR_DisableSleepOnExit), (16 bytes).
    Removing stm32f1xx_hal_pwr.o(i.HAL_PWR_DisableWakeUpPin), (28 bytes).
    Removing stm32f1xx_hal_pwr.o(i.HAL_PWR_EnableBkUpAccess), (12 bytes).
    Removing stm32f1xx_hal_pwr.o(i.HAL_PWR_EnablePVD), (12 bytes).
    Removing stm32f1xx_hal_pwr.o(i.HAL_PWR_EnableSEVOnPend), (16 bytes).
    Removing stm32f1xx_hal_pwr.o(i.HAL_PWR_EnableSleepOnExit), (16 bytes).
    Removing stm32f1xx_hal_pwr.o(i.HAL_PWR_EnableWakeUpPin), (28 bytes).
    Removing stm32f1xx_hal_pwr.o(i.HAL_PWR_EnterSLEEPMode), (32 bytes).
    Removing stm32f1xx_hal_pwr.o(i.HAL_PWR_EnterSTANDBYMode), (32 bytes).
    Removing stm32f1xx_hal_pwr.o(i.HAL_PWR_EnterSTOPMode), (68 bytes).
    Removing stm32f1xx_hal_pwr.o(i.HAL_PWR_PVDCallback), (2 bytes).
    Removing stm32f1xx_hal_pwr.o(i.HAL_PWR_PVD_IRQHandler), (28 bytes).
    Removing stm32f1xx_hal_pwr.o(i.PWR_OverloadWfe), (6 bytes).
    Removing stm32f1xx_hal_flash.o(.rev16_text), (4 bytes).
    Removing stm32f1xx_hal_flash.o(.revsh_text), (4 bytes).
    Removing stm32f1xx_hal_flash.o(.rrx_text), (6 bytes).
    Removing stm32f1xx_hal_flash.o(i.FLASH_Program_HalfWord), (28 bytes).
    Removing stm32f1xx_hal_flash.o(i.FLASH_SetErrorCode), (92 bytes).
    Removing stm32f1xx_hal_flash.o(i.FLASH_WaitForLastOperation), (84 bytes).
    Removing stm32f1xx_hal_flash.o(i.HAL_FLASH_EndOfOperationCallback), (2 bytes).
    Removing stm32f1xx_hal_flash.o(i.HAL_FLASH_GetError), (12 bytes).
    Removing stm32f1xx_hal_flash.o(i.HAL_FLASH_IRQHandler), (264 bytes).
    Removing stm32f1xx_hal_flash.o(i.HAL_FLASH_Lock), (20 bytes).
    Removing stm32f1xx_hal_flash.o(i.HAL_FLASH_OB_Launch), (4 bytes).
    Removing stm32f1xx_hal_flash.o(i.HAL_FLASH_OB_Lock), (20 bytes).
    Removing stm32f1xx_hal_flash.o(i.HAL_FLASH_OB_Unlock), (36 bytes).
    Removing stm32f1xx_hal_flash.o(i.HAL_FLASH_OperationErrorCallback), (2 bytes).
    Removing stm32f1xx_hal_flash.o(i.HAL_FLASH_Program), (128 bytes).
    Removing stm32f1xx_hal_flash.o(i.HAL_FLASH_Program_IT), (80 bytes).
    Removing stm32f1xx_hal_flash.o(i.HAL_FLASH_Unlock), (40 bytes).
    Removing stm32f1xx_hal_flash.o(.bss), (32 bytes).
    Removing stm32f1xx_hal_flash_ex.o(.rev16_text), (4 bytes).
    Removing stm32f1xx_hal_flash_ex.o(.revsh_text), (4 bytes).
    Removing stm32f1xx_hal_flash_ex.o(.rrx_text), (6 bytes).
    Removing stm32f1xx_hal_flash_ex.o(i.FLASH_MassErase), (36 bytes).
    Removing stm32f1xx_hal_flash_ex.o(i.FLASH_OB_DisableWRP), (176 bytes).
    Removing stm32f1xx_hal_flash_ex.o(i.FLASH_OB_EnableWRP), (176 bytes).
    Removing stm32f1xx_hal_flash_ex.o(i.FLASH_OB_GetRDP), (24 bytes).
    Removing stm32f1xx_hal_flash_ex.o(i.FLASH_OB_RDP_LevelConfig), (100 bytes).
    Removing stm32f1xx_hal_flash_ex.o(i.FLASH_PageErase), (36 bytes).
    Removing stm32f1xx_hal_flash_ex.o(i.HAL_FLASHEx_Erase), (168 bytes).
    Removing stm32f1xx_hal_flash_ex.o(i.HAL_FLASHEx_Erase_IT), (72 bytes).
    Removing stm32f1xx_hal_flash_ex.o(i.HAL_FLASHEx_OBErase), (84 bytes).
    Removing stm32f1xx_hal_flash_ex.o(i.HAL_FLASHEx_OBGetConfig), (36 bytes).
    Removing stm32f1xx_hal_flash_ex.o(i.HAL_FLASHEx_OBGetUserData), (32 bytes).
    Removing stm32f1xx_hal_flash_ex.o(i.HAL_FLASHEx_OBProgram), (200 bytes).
    Removing stm32f1xx_hal_exti.o(.rev16_text), (4 bytes).
    Removing stm32f1xx_hal_exti.o(.revsh_text), (4 bytes).
    Removing stm32f1xx_hal_exti.o(.rrx_text), (6 bytes).
    Removing stm32f1xx_hal_exti.o(i.HAL_EXTI_ClearConfigLine), (104 bytes).
    Removing stm32f1xx_hal_exti.o(i.HAL_EXTI_ClearPending), (20 bytes).
    Removing stm32f1xx_hal_exti.o(i.HAL_EXTI_GenerateSWI), (20 bytes).
    Removing stm32f1xx_hal_exti.o(i.HAL_EXTI_GetConfigLine), (140 bytes).
    Removing stm32f1xx_hal_exti.o(i.HAL_EXTI_GetHandle), (12 bytes).
    Removing stm32f1xx_hal_exti.o(i.HAL_EXTI_GetPending), (24 bytes).
    Removing stm32f1xx_hal_exti.o(i.HAL_EXTI_IRQHandler), (36 bytes).
    Removing stm32f1xx_hal_exti.o(i.HAL_EXTI_RegisterCallback), (14 bytes).
    Removing stm32f1xx_hal_exti.o(i.HAL_EXTI_SetConfigLine), (164 bytes).
    Removing stm32f1xx_hal_uart.o(.rev16_text), (4 bytes).
    Removing stm32f1xx_hal_uart.o(.revsh_text), (4 bytes).
    Removing stm32f1xx_hal_uart.o(.rrx_text), (6 bytes).
    Removing stm32f1xx_hal_uart.o(i.HAL_HalfDuplex_EnableReceiver), (50 bytes).
    Removing stm32f1xx_hal_uart.o(i.HAL_HalfDuplex_EnableTransmitter), (50 bytes).
    Removing stm32f1xx_hal_uart.o(i.HAL_HalfDuplex_Init), (110 bytes).
    Removing stm32f1xx_hal_uart.o(i.HAL_LIN_Init), (130 bytes).
    Removing stm32f1xx_hal_uart.o(i.HAL_LIN_SendBreak), (60 bytes).
    Removing stm32f1xx_hal_uart.o(i.HAL_MultiProcessor_EnterMuteMode), (62 bytes).
    Removing stm32f1xx_hal_uart.o(i.HAL_MultiProcessor_ExitMuteMode), (62 bytes).
    Removing stm32f1xx_hal_uart.o(i.HAL_MultiProcessor_Init), (144 bytes).
    Removing stm32f1xx_hal_uart.o(i.HAL_UARTEx_GetRxEventType), (4 bytes).
    Removing stm32f1xx_hal_uart.o(i.HAL_UARTEx_ReceiveToIdle), (240 bytes).
    Removing stm32f1xx_hal_uart.o(i.HAL_UARTEx_ReceiveToIdle_DMA), (74 bytes).
    Removing stm32f1xx_hal_uart.o(i.HAL_UARTEx_ReceiveToIdle_IT), (78 bytes).
    Removing stm32f1xx_hal_uart.o(i.HAL_UARTEx_RxEventCallback), (2 bytes).
    Removing stm32f1xx_hal_uart.o(i.HAL_UART_Abort), (210 bytes).
    Removing stm32f1xx_hal_uart.o(i.HAL_UART_AbortCpltCallback), (2 bytes).
    Removing stm32f1xx_hal_uart.o(i.HAL_UART_AbortReceive), (148 bytes).
    Removing stm32f1xx_hal_uart.o(i.HAL_UART_AbortReceiveCpltCallback), (2 bytes).
    Removing stm32f1xx_hal_uart.o(i.HAL_UART_AbortReceive_IT), (152 bytes).
    Removing stm32f1xx_hal_uart.o(i.HAL_UART_AbortTransmit), (98 bytes).
    Removing stm32f1xx_hal_uart.o(i.HAL_UART_AbortTransmitCpltCallback), (2 bytes).
    Removing stm32f1xx_hal_uart.o(i.HAL_UART_AbortTransmit_IT), (104 bytes).
    Removing stm32f1xx_hal_uart.o(i.HAL_UART_Abort_IT), (244 bytes).
    Removing stm32f1xx_hal_uart.o(i.HAL_UART_DMAPause), (120 bytes).
    Removing stm32f1xx_hal_uart.o(i.HAL_UART_DMAResume), (114 bytes).
    Removing stm32f1xx_hal_uart.o(i.HAL_UART_DMAStop), (112 bytes).
    Removing stm32f1xx_hal_uart.o(i.HAL_UART_DeInit), (54 bytes).
    Removing stm32f1xx_hal_uart.o(i.HAL_UART_ErrorCallback), (2 bytes).
    Removing stm32f1xx_hal_uart.o(i.HAL_UART_GetError), (4 bytes).
    Removing stm32f1xx_hal_uart.o(i.HAL_UART_GetState), (10 bytes).
    Removing stm32f1xx_hal_uart.o(i.HAL_UART_IRQHandler), (620 bytes).
    Removing stm32f1xx_hal_uart.o(i.HAL_UART_MspDeInit), (2 bytes).
    Removing stm32f1xx_hal_uart.o(i.HAL_UART_MspInit), (2 bytes).
    Removing stm32f1xx_hal_uart.o(i.HAL_UART_Receive), (176 bytes).
    Removing stm32f1xx_hal_uart.o(i.HAL_UART_Receive_DMA), (28 bytes).
    Removing stm32f1xx_hal_uart.o(i.HAL_UART_Receive_IT), (28 bytes).
    Removing stm32f1xx_hal_uart.o(i.HAL_UART_RxCpltCallback), (2 bytes).
    Removing stm32f1xx_hal_uart.o(i.HAL_UART_RxHalfCpltCallback), (2 bytes).
    Removing stm32f1xx_hal_uart.o(i.HAL_UART_Transmit_DMA), (120 bytes).
    Removing stm32f1xx_hal_uart.o(i.HAL_UART_Transmit_IT), (50 bytes).
    Removing stm32f1xx_hal_uart.o(i.HAL_UART_TxCpltCallback), (2 bytes).
    Removing stm32f1xx_hal_uart.o(i.HAL_UART_TxHalfCpltCallback), (2 bytes).
    Removing stm32f1xx_hal_uart.o(i.UART_DMAAbortOnError), (16 bytes).
    Removing stm32f1xx_hal_uart.o(i.UART_DMAError), (74 bytes).
    Removing stm32f1xx_hal_uart.o(i.UART_DMAReceiveCplt), (134 bytes).
    Removing stm32f1xx_hal_uart.o(i.UART_DMARxAbortCallback), (44 bytes).
    Removing stm32f1xx_hal_uart.o(i.UART_DMARxHalfCplt), (30 bytes).
    Removing stm32f1xx_hal_uart.o(i.UART_DMARxOnlyAbortCallback), (22 bytes).
    Removing stm32f1xx_hal_uart.o(i.UART_DMATransmitCplt), (66 bytes).
    Removing stm32f1xx_hal_uart.o(i.UART_DMATxAbortCallback), (44 bytes).
    Removing stm32f1xx_hal_uart.o(i.UART_DMATxHalfCplt), (10 bytes).
    Removing stm32f1xx_hal_uart.o(i.UART_DMATxOnlyAbortCallback), (20 bytes).
    Removing stm32f1xx_hal_uart.o(i.UART_EndTxTransfer), (28 bytes).
    Removing stm32f1xx_hal_uart.o(i.UART_Receive_IT), (194 bytes).
    Removing stm32f1xx_hal_uart.o(i.UART_Start_Receive_DMA), (144 bytes).
    Removing stm32f1xx_hal_uart.o(i.UART_Start_Receive_IT), (54 bytes).
    Removing system_stm32f1xx.o(.rev16_text), (4 bytes).
    Removing system_stm32f1xx.o(.revsh_text), (4 bytes).
    Removing system_stm32f1xx.o(.rrx_text), (6 bytes).
    Removing system_stm32f1xx.o(i.SystemCoreClockUpdate), (104 bytes).
    Removing ffixui.o(.text), (40 bytes).

321 unused section(s) (total 24770 bytes) removed from the image.

==============================================================================

Image Symbol Table

    Local Symbols

    Symbol Name                              Value     Ov Type        Size  Object(Section)

    ../Core/Src/gpio.c                       0x00000000   Number         0  gpio.o ABSOLUTE
    ../Core/Src/i2c.c                        0x00000000   Number         0  i2c.o ABSOLUTE
    ../Core/Src/main.c                       0x00000000   Number         0  main.o ABSOLUTE
    ../Core/Src/stm32f1xx_hal_msp.c          0x00000000   Number         0  stm32f1xx_hal_msp.o ABSOLUTE
    ../Core/Src/stm32f1xx_it.c               0x00000000   Number         0  stm32f1xx_it.o ABSOLUTE
    ../Core/Src/system_stm32f1xx.c           0x00000000   Number         0  system_stm32f1xx.o ABSOLUTE
    ../Core/Src/usart.c                      0x00000000   Number         0  usart.o ABSOLUTE
    ../Drivers/STM32F1xx_HAL_Driver/Src/stm32f1xx_hal.c 0x00000000   Number         0  stm32f1xx_hal.o ABSOLUTE
    ../Drivers/STM32F1xx_HAL_Driver/Src/stm32f1xx_hal_cortex.c 0x00000000   Number         0  stm32f1xx_hal_cortex.o ABSOLUTE
    ../Drivers/STM32F1xx_HAL_Driver/Src/stm32f1xx_hal_dma.c 0x00000000   Number         0  stm32f1xx_hal_dma.o ABSOLUTE
    ../Drivers/STM32F1xx_HAL_Driver/Src/stm32f1xx_hal_exti.c 0x00000000   Number         0  stm32f1xx_hal_exti.o ABSOLUTE
    ../Drivers/STM32F1xx_HAL_Driver/Src/stm32f1xx_hal_flash.c 0x00000000   Number         0  stm32f1xx_hal_flash.o ABSOLUTE
    ../Drivers/STM32F1xx_HAL_Driver/Src/stm32f1xx_hal_flash_ex.c 0x00000000   Number         0  stm32f1xx_hal_flash_ex.o ABSOLUTE
    ../Drivers/STM32F1xx_HAL_Driver/Src/stm32f1xx_hal_gpio.c 0x00000000   Number         0  stm32f1xx_hal_gpio.o ABSOLUTE
    ../Drivers/STM32F1xx_HAL_Driver/Src/stm32f1xx_hal_gpio_ex.c 0x00000000   Number         0  stm32f1xx_hal_gpio_ex.o ABSOLUTE
    ../Drivers/STM32F1xx_HAL_Driver/Src/stm32f1xx_hal_i2c.c 0x00000000   Number         0  stm32f1xx_hal_i2c.o ABSOLUTE
    ../Drivers/STM32F1xx_HAL_Driver/Src/stm32f1xx_hal_pwr.c 0x00000000   Number         0  stm32f1xx_hal_pwr.o ABSOLUTE
    ../Drivers/STM32F1xx_HAL_Driver/Src/stm32f1xx_hal_rcc.c 0x00000000   Number         0  stm32f1xx_hal_rcc.o ABSOLUTE
    ../Drivers/STM32F1xx_HAL_Driver/Src/stm32f1xx_hal_rcc_ex.c 0x00000000   Number         0  stm32f1xx_hal_rcc_ex.o ABSOLUTE
    ../Drivers/STM32F1xx_HAL_Driver/Src/stm32f1xx_hal_uart.c 0x00000000   Number         0  stm32f1xx_hal_uart.o ABSOLUTE
    ../clib/microlib/division.c              0x00000000   Number         0  uidiv.o ABSOLUTE
    ../clib/microlib/division.c              0x00000000   Number         0  uldiv.o ABSOLUTE
    ../clib/microlib/init/entry.s            0x00000000   Number         0  entry8b.o ABSOLUTE
    ../clib/microlib/init/entry.s            0x00000000   Number         0  entry11b.o ABSOLUTE
    ../clib/microlib/init/entry.s            0x00000000   Number         0  entry9a.o ABSOLUTE
    ../clib/microlib/init/entry.s            0x00000000   Number         0  entry2.o ABSOLUTE
    ../clib/microlib/init/entry.s            0x00000000   Number         0  entry8a.o ABSOLUTE
    ../clib/microlib/init/entry.s            0x00000000   Number         0  entry5.o ABSOLUTE
    ../clib/microlib/init/entry.s            0x00000000   Number         0  entry7b.o ABSOLUTE
    ../clib/microlib/init/entry.s            0x00000000   Number         0  entry.o ABSOLUTE
    ../clib/microlib/init/entry.s            0x00000000   Number         0  entry7a.o ABSOLUTE
    ../clib/microlib/init/entry.s            0x00000000   Number         0  entry9b.o ABSOLUTE
    ../clib/microlib/init/entry.s            0x00000000   Number         0  entry11a.o ABSOLUTE
    ../clib/microlib/init/entry.s            0x00000000   Number         0  entry10a.o ABSOLUTE
    ../clib/microlib/init/entry.s            0x00000000   Number         0  entry10b.o ABSOLUTE
    ../clib/microlib/longlong.c              0x00000000   Number         0  llsshr.o ABSOLUTE
    ../clib/microlib/longlong.c              0x00000000   Number         0  llshl.o ABSOLUTE
    ../clib/microlib/longlong.c              0x00000000   Number         0  llushr.o ABSOLUTE
    ../clib/microlib/printf/printf.c         0x00000000   Number         0  printfb.o ABSOLUTE
    ../clib/microlib/printf/printf.c         0x00000000   Number         0  printf7.o ABSOLUTE
    ../clib/microlib/printf/printf.c         0x00000000   Number         0  printf6.o ABSOLUTE
    ../clib/microlib/printf/printf.c         0x00000000   Number         0  printf8.o ABSOLUTE
    ../clib/microlib/printf/printf.c         0x00000000   Number         0  printf4.o ABSOLUTE
    ../clib/microlib/printf/printf.c         0x00000000   Number         0  printf5.o ABSOLUTE
    ../clib/microlib/printf/printf.c         0x00000000   Number         0  printf0.o ABSOLUTE
    ../clib/microlib/printf/printf.c         0x00000000   Number         0  printf3.o ABSOLUTE
    ../clib/microlib/printf/printf.c         0x00000000   Number         0  printf2.o ABSOLUTE
    ../clib/microlib/printf/printf.c         0x00000000   Number         0  printf1.o ABSOLUTE
    ../clib/microlib/printf/printf.c         0x00000000   Number         0  printfa.o ABSOLUTE
    ../clib/microlib/printf/stubs.s          0x00000000   Number         0  stubs.o ABSOLUTE
    ../clib/microlib/stdio/streams.c         0x00000000   Number         0  stdout.o ABSOLUTE
    ../clib/microlib/string/memset.c         0x00000000   Number         0  memseta.o ABSOLUTE
    ../clib/microlib/stubs.s                 0x00000000   Number         0  iusefp.o ABSOLUTE
    ../fplib/microlib/f2d.c                  0x00000000   Number         0  f2d.o ABSOLUTE
    ../fplib/microlib/fpadd.c                0x00000000   Number         0  dadd.o ABSOLUTE
    ../fplib/microlib/fpadd.c                0x00000000   Number         0  fadd.o ABSOLUTE
    ../fplib/microlib/fpdiv.c                0x00000000   Number         0  ddiv.o ABSOLUTE
    ../fplib/microlib/fpdiv.c                0x00000000   Number         0  fdiv.o ABSOLUTE
    ../fplib/microlib/fpepilogue.c           0x00000000   Number         0  fepilogue.o ABSOLUTE
    ../fplib/microlib/fpepilogue.c           0x00000000   Number         0  depilogue.o ABSOLUTE
    ../fplib/microlib/fpfix.c                0x00000000   Number         0  dfixul.o ABSOLUTE
    ../fplib/microlib/fpfix.c                0x00000000   Number         0  ffixui.o ABSOLUTE
    ../fplib/microlib/fpflt.c                0x00000000   Number         0  fflti.o ABSOLUTE
    ../fplib/microlib/fpflt.c                0x00000000   Number         0  ffltui.o ABSOLUTE
    ../fplib/microlib/fpmul.c                0x00000000   Number         0  fmul.o ABSOLUTE
    ../fplib/microlib/fpmul.c                0x00000000   Number         0  dmul.o ABSOLUTE
    ..\Core\Src\gpio.c                       0x00000000   Number         0  gpio.o ABSOLUTE
    ..\Core\Src\i2c.c                        0x00000000   Number         0  i2c.o ABSOLUTE
    ..\Core\Src\main.c                       0x00000000   Number         0  main.o ABSOLUTE
    ..\Core\Src\mpu6050.c                    0x00000000   Number         0  mpu6050.o ABSOLUTE
    ..\Core\Src\mpu6050_test.c               0x00000000   Number         0  mpu6050_test.o ABSOLUTE
    ..\Core\Src\qmath.c                      0x00000000   Number         0  qmath.o ABSOLUTE
    ..\Core\Src\stm32f1xx_hal_msp.c          0x00000000   Number         0  stm32f1xx_hal_msp.o ABSOLUTE
    ..\Core\Src\stm32f1xx_it.c               0x00000000   Number         0  stm32f1xx_it.o ABSOLUTE
    ..\Core\Src\system_stm32f1xx.c           0x00000000   Number         0  system_stm32f1xx.o ABSOLUTE
    ..\Core\Src\usart.c                      0x00000000   Number         0  usart.o ABSOLUTE
    ..\Drivers\STM32F1xx_HAL_Driver\Src\stm32f1xx_hal.c 0x00000000   Number         0  stm32f1xx_hal.o ABSOLUTE
    ..\Drivers\STM32F1xx_HAL_Driver\Src\stm32f1xx_hal_cortex.c 0x00000000   Number         0  stm32f1xx_hal_cortex.o ABSOLUTE
    ..\Drivers\STM32F1xx_HAL_Driver\Src\stm32f1xx_hal_dma.c 0x00000000   Number         0  stm32f1xx_hal_dma.o ABSOLUTE
    ..\Drivers\STM32F1xx_HAL_Driver\Src\stm32f1xx_hal_exti.c 0x00000000   Number         0  stm32f1xx_hal_exti.o ABSOLUTE
    ..\Drivers\STM32F1xx_HAL_Driver\Src\stm32f1xx_hal_flash.c 0x00000000   Number         0  stm32f1xx_hal_flash.o ABSOLUTE
    ..\Drivers\STM32F1xx_HAL_Driver\Src\stm32f1xx_hal_flash_ex.c 0x00000000   Number         0  stm32f1xx_hal_flash_ex.o ABSOLUTE
    ..\Drivers\STM32F1xx_HAL_Driver\Src\stm32f1xx_hal_gpio.c 0x00000000   Number         0  stm32f1xx_hal_gpio.o ABSOLUTE
    ..\Drivers\STM32F1xx_HAL_Driver\Src\stm32f1xx_hal_gpio_ex.c 0x00000000   Number         0  stm32f1xx_hal_gpio_ex.o ABSOLUTE
    ..\Drivers\STM32F1xx_HAL_Driver\Src\stm32f1xx_hal_i2c.c 0x00000000   Number         0  stm32f1xx_hal_i2c.o ABSOLUTE
    ..\Drivers\STM32F1xx_HAL_Driver\Src\stm32f1xx_hal_pwr.c 0x00000000   Number         0  stm32f1xx_hal_pwr.o ABSOLUTE
    ..\Drivers\STM32F1xx_HAL_Driver\Src\stm32f1xx_hal_rcc.c 0x00000000   Number         0  stm32f1xx_hal_rcc.o ABSOLUTE
    ..\Drivers\STM32F1xx_HAL_Driver\Src\stm32f1xx_hal_rcc_ex.c 0x00000000   Number         0  stm32f1xx_hal_rcc_ex.o ABSOLUTE
    ..\Drivers\STM32F1xx_HAL_Driver\Src\stm32f1xx_hal_uart.c 0x00000000   Number         0  stm32f1xx_hal_uart.o ABSOLUTE
    ..\\Core\\Src\\mpu6050.c                 0x00000000   Number         0  mpu6050.o ABSOLUTE
    ..\\Core\\Src\\mpu6050_test.c            0x00000000   Number         0  mpu6050_test.o ABSOLUTE
    ..\\Core\\Src\\qmath.c                   0x00000000   Number         0  qmath.o ABSOLUTE
    cdrcmple.s                               0x00000000   Number         0  cdrcmple.o ABSOLUTE
    cfcmple.s                                0x00000000   Number         0  cfcmple.o ABSOLUTE
    cfrcmple.s                               0x00000000   Number         0  cfrcmple.o ABSOLUTE
    dc.s                                     0x00000000   Number         0  dc.o ABSOLUTE
    handlers.s                               0x00000000   Number         0  handlers.o ABSOLUTE
    init.s                                   0x00000000   Number         0  init.o ABSOLUTE
    startup_stm32f103xb.s                    0x00000000   Number         0  startup_stm32f103xb.o ABSOLUTE
    RESET                                    0x08000000   Section      236  startup_stm32f103xb.o(RESET)
    .ARM.Collect$$$$00000000                 0x080000ec   Section        0  entry.o(.ARM.Collect$$$$00000000)
    .ARM.Collect$$$$00000001                 0x080000ec   Section        4  entry2.o(.ARM.Collect$$$$00000001)
    .ARM.Collect$$$$00000004                 0x080000f0   Section        4  entry5.o(.ARM.Collect$$$$00000004)
    .ARM.Collect$$$$00000008                 0x080000f4   Section        0  entry7b.o(.ARM.Collect$$$$00000008)
    .ARM.Collect$$$$0000000A                 0x080000f4   Section        0  entry8b.o(.ARM.Collect$$$$0000000A)
    .ARM.Collect$$$$0000000B                 0x080000f4   Section        8  entry9a.o(.ARM.Collect$$$$0000000B)
    .ARM.Collect$$$$0000000D                 0x080000fc   Section        0  entry10a.o(.ARM.Collect$$$$0000000D)
    .ARM.Collect$$$$0000000F                 0x080000fc   Section        0  entry11a.o(.ARM.Collect$$$$0000000F)
    .ARM.Collect$$$$00002712                 0x080000fc   Section        4  entry2.o(.ARM.Collect$$$$00002712)
    __lit__00000000                          0x080000fc   Data           4  entry2.o(.ARM.Collect$$$$00002712)
    .text                                    0x08000100   Section       36  startup_stm32f103xb.o(.text)
    .text                                    0x08000124   Section        0  llushr.o(.text)
    .text                                    0x08000144   Section        0  memseta.o(.text)
    .text                                    0x08000168   Section        0  fadd.o(.text)
    .text                                    0x08000218   Section        0  fmul.o(.text)
    .text                                    0x0800027c   Section        0  fdiv.o(.text)
    .text                                    0x080002f8   Section        0  fflti.o(.text)
    .text                                    0x0800030a   Section        0  ffltui.o(.text)
    .text                                    0x08000314   Section        0  f2d.o(.text)
    .text                                    0x0800033c   Section       20  cfcmple.o(.text)
    .text                                    0x08000350   Section       20  cfrcmple.o(.text)
    .text                                    0x08000364   Section        0  uidiv.o(.text)
    .text                                    0x08000390   Section        0  uldiv.o(.text)
    .text                                    0x080003f2   Section        0  iusefp.o(.text)
    .text                                    0x080003f2   Section        0  fepilogue.o(.text)
    .text                                    0x08000460   Section        0  dadd.o(.text)
    .text                                    0x080005ae   Section        0  dmul.o(.text)
    .text                                    0x08000692   Section        0  ddiv.o(.text)
    .text                                    0x08000770   Section        0  dfixul.o(.text)
    .text                                    0x080007a0   Section       48  cdrcmple.o(.text)
    .text                                    0x080007d0   Section       36  init.o(.text)
    .text                                    0x080007f4   Section        0  llshl.o(.text)
    .text                                    0x08000812   Section        0  llsshr.o(.text)
    .text                                    0x08000836   Section        0  depilogue.o(.text)
    i.App_MPU6050_Proc                       0x080008f0   Section        0  mpu6050.o(i.App_MPU6050_Proc)
    i.BusFault_Handler                       0x080009cc   Section        0  stm32f1xx_it.o(i.BusFault_Handler)
    i.DebugMon_Handler                       0x080009ce   Section        0  stm32f1xx_it.o(i.DebugMon_Handler)
    i.Error_Handler                          0x080009d0   Section        0  main.o(i.Error_Handler)
    i.HAL_Delay                              0x080009d4   Section        0  stm32f1xx_hal.o(i.HAL_Delay)
    i.HAL_GPIO_Init                          0x080009f8   Section        0  stm32f1xx_hal_gpio.o(i.HAL_GPIO_Init)
    i.HAL_GetTick                            0x08000bd8   Section        0  stm32f1xx_hal.o(i.HAL_GetTick)
    i.HAL_I2C_Init                           0x08000be4   Section        0  stm32f1xx_hal_i2c.o(i.HAL_I2C_Init)
    i.HAL_I2C_Mem_Read                       0x08000d6c   Section        0  stm32f1xx_hal_i2c.o(i.HAL_I2C_Mem_Read)
    i.HAL_I2C_Mem_Write                      0x08000fc8   Section        0  stm32f1xx_hal_i2c.o(i.HAL_I2C_Mem_Write)
    i.HAL_I2C_MspInit                        0x080010f8   Section        0  i2c.o(i.HAL_I2C_MspInit)
    i.HAL_IncTick                            0x08001168   Section        0  stm32f1xx_hal.o(i.HAL_IncTick)
    i.HAL_Init                               0x08001178   Section        0  stm32f1xx_hal.o(i.HAL_Init)
    i.HAL_InitTick                           0x0800119c   Section        0  stm32f1xx_hal.o(i.HAL_InitTick)
    i.HAL_MspInit                            0x080011dc   Section        0  stm32f1xx_hal_msp.o(i.HAL_MspInit)
    i.HAL_NVIC_SetPriority                   0x08001218   Section        0  stm32f1xx_hal_cortex.o(i.HAL_NVIC_SetPriority)
    i.HAL_NVIC_SetPriorityGrouping           0x08001258   Section        0  stm32f1xx_hal_cortex.o(i.HAL_NVIC_SetPriorityGrouping)
    i.HAL_RCC_ClockConfig                    0x0800127c   Section        0  stm32f1xx_hal_rcc.o(i.HAL_RCC_ClockConfig)
    i.HAL_RCC_GetPCLK1Freq                   0x080013a8   Section        0  stm32f1xx_hal_rcc.o(i.HAL_RCC_GetPCLK1Freq)
    i.HAL_RCC_GetPCLK2Freq                   0x080013c8   Section        0  stm32f1xx_hal_rcc.o(i.HAL_RCC_GetPCLK2Freq)
    i.HAL_RCC_GetSysClockFreq                0x080013e8   Section        0  stm32f1xx_hal_rcc.o(i.HAL_RCC_GetSysClockFreq)
    i.HAL_RCC_OscConfig                      0x08001434   Section        0  stm32f1xx_hal_rcc.o(i.HAL_RCC_OscConfig)
    i.HAL_SYSTICK_Config                     0x08001754   Section        0  stm32f1xx_hal_cortex.o(i.HAL_SYSTICK_Config)
    i.HAL_UART_Init                          0x0800177c   Section        0  stm32f1xx_hal_uart.o(i.HAL_UART_Init)
    i.HAL_UART_MspInit                       0x080017e0   Section        0  usart.o(i.HAL_UART_MspInit)
    i.HAL_UART_Transmit                      0x0800188c   Section        0  stm32f1xx_hal_uart.o(i.HAL_UART_Transmit)
    i.HardFault_Handler                      0x0800192c   Section        0  stm32f1xx_it.o(i.HardFault_Handler)
    i.I2C_IsAcknowledgeFailed                0x0800192e   Section        0  stm32f1xx_hal_i2c.o(i.I2C_IsAcknowledgeFailed)
    I2C_IsAcknowledgeFailed                  0x0800192f   Thumb Code    46  stm32f1xx_hal_i2c.o(i.I2C_IsAcknowledgeFailed)
    i.I2C_RequestMemoryRead                  0x0800195c   Section        0  stm32f1xx_hal_i2c.o(i.I2C_RequestMemoryRead)
    I2C_RequestMemoryRead                    0x0800195d   Thumb Code   246  stm32f1xx_hal_i2c.o(i.I2C_RequestMemoryRead)
    i.I2C_RequestMemoryWrite                 0x08001a58   Section        0  stm32f1xx_hal_i2c.o(i.I2C_RequestMemoryWrite)
    I2C_RequestMemoryWrite                   0x08001a59   Thumb Code   162  stm32f1xx_hal_i2c.o(i.I2C_RequestMemoryWrite)
    i.I2C_WaitOnBTFFlagUntilTimeout          0x08001b00   Section        0  stm32f1xx_hal_i2c.o(i.I2C_WaitOnBTFFlagUntilTimeout)
    I2C_WaitOnBTFFlagUntilTimeout            0x08001b01   Thumb Code    86  stm32f1xx_hal_i2c.o(i.I2C_WaitOnBTFFlagUntilTimeout)
    i.I2C_WaitOnFlagUntilTimeout             0x08001b58   Section        0  stm32f1xx_hal_i2c.o(i.I2C_WaitOnFlagUntilTimeout)
    I2C_WaitOnFlagUntilTimeout               0x08001b59   Thumb Code   144  stm32f1xx_hal_i2c.o(i.I2C_WaitOnFlagUntilTimeout)
    i.I2C_WaitOnMasterAddressFlagUntilTimeout 0x08001be8   Section        0  stm32f1xx_hal_i2c.o(i.I2C_WaitOnMasterAddressFlagUntilTimeout)
    I2C_WaitOnMasterAddressFlagUntilTimeout  0x08001be9   Thumb Code   188  stm32f1xx_hal_i2c.o(i.I2C_WaitOnMasterAddressFlagUntilTimeout)
    i.I2C_WaitOnRXNEFlagUntilTimeout         0x08001ca4   Section        0  stm32f1xx_hal_i2c.o(i.I2C_WaitOnRXNEFlagUntilTimeout)
    I2C_WaitOnRXNEFlagUntilTimeout           0x08001ca5   Thumb Code   112  stm32f1xx_hal_i2c.o(i.I2C_WaitOnRXNEFlagUntilTimeout)
    i.I2C_WaitOnTXEFlagUntilTimeout          0x08001d14   Section        0  stm32f1xx_hal_i2c.o(i.I2C_WaitOnTXEFlagUntilTimeout)
    I2C_WaitOnTXEFlagUntilTimeout            0x08001d15   Thumb Code    86  stm32f1xx_hal_i2c.o(i.I2C_WaitOnTXEFlagUntilTimeout)
    i.MPU6050_EularAngleTest                 0x08001d6a   Section        0  mpu6050_test.o(i.MPU6050_EularAngleTest)
    i.MPU6050_GetAx                          0x08001d78   Section        0  mpu6050.o(i.MPU6050_GetAx)
    i.MPU6050_GetAy                          0x08001d84   Section        0  mpu6050.o(i.MPU6050_GetAy)
    i.MPU6050_GetAz                          0x08001d90   Section        0  mpu6050.o(i.MPU6050_GetAz)
    i.MPU6050_GetGx                          0x08001d9c   Section        0  mpu6050.o(i.MPU6050_GetGx)
    i.MPU6050_GetGy                          0x08001da8   Section        0  mpu6050.o(i.MPU6050_GetGy)
    i.MPU6050_GetGz                          0x08001db4   Section        0  mpu6050.o(i.MPU6050_GetGz)
    i.MPU6050_GetPitch                       0x08001dc0   Section        0  mpu6050.o(i.MPU6050_GetPitch)
    i.MPU6050_GetRoll                        0x08001dcc   Section        0  mpu6050.o(i.MPU6050_GetRoll)
    i.MPU6050_GetTemperature                 0x08001dd8   Section        0  mpu6050.o(i.MPU6050_GetTemperature)
    i.MPU6050_GetYaw                         0x08001de4   Section        0  mpu6050.o(i.MPU6050_GetYaw)
    i.MPU6050_Init                           0x08001df0   Section        0  mpu6050.o(i.MPU6050_Init)
    i.MPU6050_ReadReg                        0x08001e68   Section        0  mpu6050.o(i.MPU6050_ReadReg)
    MPU6050_ReadReg                          0x08001e69   Thumb Code    32  mpu6050.o(i.MPU6050_ReadReg)
    i.MPU6050_Update                         0x08001e8c   Section        0  mpu6050.o(i.MPU6050_Update)
    i.MX_GPIO_Init                           0x08001fac   Section        0  gpio.o(i.MX_GPIO_Init)
    i.MX_I2C1_Init                           0x08001fe8   Section        0  i2c.o(i.MX_I2C1_Init)
    i.MX_USART1_UART_Init                    0x08002028   Section        0  usart.o(i.MX_USART1_UART_Init)
    i.MX_USART2_UART_Init                    0x08002060   Section        0  usart.o(i.MX_USART2_UART_Init)
    i.MemManage_Handler                      0x08002098   Section        0  stm32f1xx_it.o(i.MemManage_Handler)
    i.NMI_Handler                            0x0800209a   Section        0  stm32f1xx_it.o(i.NMI_Handler)
    i.PendSV_Handler                         0x0800209c   Section        0  stm32f1xx_it.o(i.PendSV_Handler)
    i.SVC_Handler                            0x0800209e   Section        0  stm32f1xx_it.o(i.SVC_Handler)
    i.SysTick_Handler                        0x080020a0   Section        0  stm32f1xx_it.o(i.SysTick_Handler)
    i.SystemClock_Config                     0x080020a4   Section        0  main.o(i.SystemClock_Config)
    i.SystemInit                             0x080020f4   Section        0  system_stm32f1xx.o(i.SystemInit)
    i.UART_EndRxTransfer                     0x080020f6   Section        0  stm32f1xx_hal_uart.o(i.UART_EndRxTransfer)
    UART_EndRxTransfer                       0x080020f7   Thumb Code    78  stm32f1xx_hal_uart.o(i.UART_EndRxTransfer)
    i.UART_SetConfig                         0x08002144   Section        0  stm32f1xx_hal_uart.o(i.UART_SetConfig)
    UART_SetConfig                           0x08002145   Thumb Code   178  stm32f1xx_hal_uart.o(i.UART_SetConfig)
    i.UART_WaitOnFlagUntilTimeout            0x080021fc   Section        0  stm32f1xx_hal_uart.o(i.UART_WaitOnFlagUntilTimeout)
    UART_WaitOnFlagUntilTimeout              0x080021fd   Thumb Code   114  stm32f1xx_hal_uart.o(i.UART_WaitOnFlagUntilTimeout)
    i.USART2_Proc                            0x08002270   Section        0  mpu6050_test.o(i.USART2_Proc)
    USART2_Proc                              0x08002271   Thumb Code   198  mpu6050_test.o(i.USART2_Proc)
    i.UsageFault_Handler                     0x0800235c   Section        0  stm32f1xx_it.o(i.UsageFault_Handler)
    i.__0printf                              0x08002360   Section        0  printfa.o(i.__0printf)
    i.__NVIC_SetPriority                     0x08002380   Section        0  stm32f1xx_hal_cortex.o(i.__NVIC_SetPriority)
    __NVIC_SetPriority                       0x08002381   Thumb Code    32  stm32f1xx_hal_cortex.o(i.__NVIC_SetPriority)
    i.__scatterload_copy                     0x080023a0   Section       14  handlers.o(i.__scatterload_copy)
    i.__scatterload_null                     0x080023ae   Section        2  handlers.o(i.__scatterload_null)
    i.__scatterload_zeroinit                 0x080023b0   Section       14  handlers.o(i.__scatterload_zeroinit)
    i._fp_digits                             0x080023c0   Section        0  printfa.o(i._fp_digits)
    _fp_digits                               0x080023c1   Thumb Code   366  printfa.o(i._fp_digits)
    i._printf_core                           0x08002544   Section        0  printfa.o(i._printf_core)
    _printf_core                             0x08002545   Thumb Code  1744  printfa.o(i._printf_core)
    i._printf_post_padding                   0x08002c20   Section        0  printfa.o(i._printf_post_padding)
    _printf_post_padding                     0x08002c21   Thumb Code    36  printfa.o(i._printf_post_padding)
    i._printf_pre_padding                    0x08002c44   Section        0  printfa.o(i._printf_pre_padding)
    _printf_pre_padding                      0x08002c45   Thumb Code    46  printfa.o(i._printf_pre_padding)
    i.binary_search_lerp                     0x08002c72   Section        0  qmath.o(i.binary_search_lerp)
    binary_search_lerp                       0x08002c73   Thumb Code   128  qmath.o(i.binary_search_lerp)
    i.fputc                                  0x08002cf4   Section        0  main.o(i.fputc)
    i.main                                   0x08002d0c   Section        0  main.o(i.main)
    i.qatan                                  0x08002d2c   Section        0  qmath.o(i.qatan)
    i.qatan2                                 0x08002d74   Section        0  qmath.o(i.qatan2)
    .constdata                               0x08002dc4   Section     8192  qmath.o(.constdata)
    sin_vals                                 0x08002dc4   Data        4096  qmath.o(.constdata)
    tan_vals                                 0x08003dc4   Data        4096  qmath.o(.constdata)
    .constdata                               0x08004dc4   Section       18  stm32f1xx_hal_rcc.o(.constdata)
    aPredivFactorTable                       0x08004dc4   Data           2  stm32f1xx_hal_rcc.o(.constdata)
    aPLLMULFactorTable                       0x08004dc6   Data          16  stm32f1xx_hal_rcc.o(.constdata)
    .constdata                               0x08004dd6   Section       16  system_stm32f1xx.o(.constdata)
    .constdata                               0x08004de6   Section        8  system_stm32f1xx.o(.constdata)
    .data                                    0x20000000   Section       44  mpu6050.o(.data)
    nxt                                      0x20000000   Data           4  mpu6050.o(.data)
    ax                                       0x20000004   Data           4  mpu6050.o(.data)
    ay                                       0x20000008   Data           4  mpu6050.o(.data)
    az                                       0x2000000c   Data           4  mpu6050.o(.data)
    temperature                              0x20000010   Data           4  mpu6050.o(.data)
    gx                                       0x20000014   Data           4  mpu6050.o(.data)
    gy                                       0x20000018   Data           4  mpu6050.o(.data)
    gz                                       0x2000001c   Data           4  mpu6050.o(.data)
    yaw                                      0x20000020   Data           4  mpu6050.o(.data)
    pitch                                    0x20000024   Data           4  mpu6050.o(.data)
    roll                                     0x20000028   Data           4  mpu6050.o(.data)
    .data                                    0x2000002c   Section        4  mpu6050_test.o(.data)
    nxt                                      0x2000002c   Data           4  mpu6050_test.o(.data)
    .data                                    0x20000030   Section       12  stm32f1xx_hal.o(.data)
    .data                                    0x2000003c   Section        4  system_stm32f1xx.o(.data)
    .data                                    0x20000040   Section        4  stdout.o(.data)
    .bss                                     0x20000044   Section       84  i2c.o(.bss)
    .bss                                     0x20000098   Section      144  usart.o(.bss)
    STACK                                    0x20000128   Section     1024  startup_stm32f103xb.o(STACK)

    Global Symbols

    Symbol Name                              Value     Ov Type        Size  Object(Section)

    BuildAttributes$$THM_ISAv4$P$D$K$B$S$PE$A:L22UL41UL21$X:L11$S22US41US21$IEEE1$IW$USESV6$~STKCKD$USESV7$~SHL$OTIME$ROPI$EBA8$MICROLIB$REQ8$PRES8$EABIv2 0x00000000   Number         0  anon$$obj.o ABSOLUTE
    __ARM_use_no_argv                        0x00000000   Number         0  main.o ABSOLUTE
    _printf_a                                0x00000000   Number         0  stubs.o ABSOLUTE
    _printf_c                                0x00000000   Number         0  stubs.o ABSOLUTE
    _printf_charcount                        0x00000000   Number         0  stubs.o ABSOLUTE
    _printf_d                                0x00000000   Number         0  stubs.o ABSOLUTE
    _printf_e                                0x00000000   Number         0  stubs.o ABSOLUTE
    _printf_f                                0x00000000   Number         0  stubs.o ABSOLUTE
    _printf_flags                            0x00000000   Number         0  stubs.o ABSOLUTE
    _printf_fp_dec                           0x00000000   Number         0  stubs.o ABSOLUTE
    _printf_fp_hex                           0x00000000   Number         0  stubs.o ABSOLUTE
    _printf_g                                0x00000000   Number         0  stubs.o ABSOLUTE
    _printf_i                                0x00000000   Number         0  stubs.o ABSOLUTE
    _printf_int_dec                          0x00000000   Number         0  stubs.o ABSOLUTE
    _printf_l                                0x00000000   Number         0  stubs.o ABSOLUTE
    _printf_lc                               0x00000000   Number         0  stubs.o ABSOLUTE
    _printf_ll                               0x00000000   Number         0  stubs.o ABSOLUTE
    _printf_lld                              0x00000000   Number         0  stubs.o ABSOLUTE
    _printf_lli                              0x00000000   Number         0  stubs.o ABSOLUTE
    _printf_llo                              0x00000000   Number         0  stubs.o ABSOLUTE
    _printf_llu                              0x00000000   Number         0  stubs.o ABSOLUTE
    _printf_llx                              0x00000000   Number         0  stubs.o ABSOLUTE
    _printf_longlong_dec                     0x00000000   Number         0  stubs.o ABSOLUTE
    _printf_longlong_hex                     0x00000000   Number         0  stubs.o ABSOLUTE
    _printf_longlong_oct                     0x00000000   Number         0  stubs.o ABSOLUTE
    _printf_ls                               0x00000000   Number         0  stubs.o ABSOLUTE
    _printf_mbtowc                           0x00000000   Number         0  stubs.o ABSOLUTE
    _printf_n                                0x00000000   Number         0  stubs.o ABSOLUTE
    _printf_o                                0x00000000   Number         0  stubs.o ABSOLUTE
    _printf_p                                0x00000000   Number         0  stubs.o ABSOLUTE
    _printf_percent                          0x00000000   Number         0  stubs.o ABSOLUTE
    _printf_pre_padding                      0x00000000   Number         0  stubs.o ABSOLUTE
    _printf_return_value                     0x00000000   Number         0  stubs.o ABSOLUTE
    _printf_s                                0x00000000   Number         0  stubs.o ABSOLUTE
    _printf_sizespec                         0x00000000   Number         0  stubs.o ABSOLUTE
    _printf_str                              0x00000000   Number         0  stubs.o ABSOLUTE
    _printf_truncate_signed                  0x00000000   Number         0  stubs.o ABSOLUTE
    _printf_truncate_unsigned                0x00000000   Number         0  stubs.o ABSOLUTE
    _printf_u                                0x00000000   Number         0  stubs.o ABSOLUTE
    _printf_wc                               0x00000000   Number         0  stubs.o ABSOLUTE
    _printf_wctomb                           0x00000000   Number         0  stubs.o ABSOLUTE
    _printf_widthprec                        0x00000000   Number         0  stubs.o ABSOLUTE
    _printf_x                                0x00000000   Number         0  stubs.o ABSOLUTE
    __cpp_initialize__aeabi_                  - Undefined Weak Reference
    __cxa_finalize                            - Undefined Weak Reference
    __decompress                              - Undefined Weak Reference
    _clock_init                               - Undefined Weak Reference
    _microlib_exit                            - Undefined Weak Reference
    __Vectors_Size                           0x000000ec   Number         0  startup_stm32f103xb.o ABSOLUTE
    __Vectors                                0x08000000   Data           4  startup_stm32f103xb.o(RESET)
    __Vectors_End                            0x080000ec   Data           0  startup_stm32f103xb.o(RESET)
    __main                                   0x080000ed   Thumb Code     0  entry.o(.ARM.Collect$$$$00000000)
    _main_stk                                0x080000ed   Thumb Code     0  entry2.o(.ARM.Collect$$$$00000001)
    _main_scatterload                        0x080000f1   Thumb Code     0  entry5.o(.ARM.Collect$$$$00000004)
    __main_after_scatterload                 0x080000f5   Thumb Code     0  entry5.o(.ARM.Collect$$$$00000004)
    _main_clock                              0x080000f5   Thumb Code     0  entry7b.o(.ARM.Collect$$$$00000008)
    _main_cpp_init                           0x080000f5   Thumb Code     0  entry8b.o(.ARM.Collect$$$$0000000A)
    _main_init                               0x080000f5   Thumb Code     0  entry9a.o(.ARM.Collect$$$$0000000B)
    __rt_final_cpp                           0x080000fd   Thumb Code     0  entry10a.o(.ARM.Collect$$$$0000000D)
    __rt_final_exit                          0x080000fd   Thumb Code     0  entry11a.o(.ARM.Collect$$$$0000000F)
    Reset_Handler                            0x08000101   Thumb Code     8  startup_stm32f103xb.o(.text)
    ADC1_2_IRQHandler                        0x0800011b   Thumb Code     0  startup_stm32f103xb.o(.text)
    CAN1_RX1_IRQHandler                      0x0800011b   Thumb Code     0  startup_stm32f103xb.o(.text)
    CAN1_SCE_IRQHandler                      0x0800011b   Thumb Code     0  startup_stm32f103xb.o(.text)
    DMA1_Channel1_IRQHandler                 0x0800011b   Thumb Code     0  startup_stm32f103xb.o(.text)
    DMA1_Channel2_IRQHandler                 0x0800011b   Thumb Code     0  startup_stm32f103xb.o(.text)
    DMA1_Channel3_IRQHandler                 0x0800011b   Thumb Code     0  startup_stm32f103xb.o(.text)
    DMA1_Channel4_IRQHandler                 0x0800011b   Thumb Code     0  startup_stm32f103xb.o(.text)
    DMA1_Channel5_IRQHandler                 0x0800011b   Thumb Code     0  startup_stm32f103xb.o(.text)
    DMA1_Channel6_IRQHandler                 0x0800011b   Thumb Code     0  startup_stm32f103xb.o(.text)
    DMA1_Channel7_IRQHandler                 0x0800011b   Thumb Code     0  startup_stm32f103xb.o(.text)
    EXTI0_IRQHandler                         0x0800011b   Thumb Code     0  startup_stm32f103xb.o(.text)
    EXTI15_10_IRQHandler                     0x0800011b   Thumb Code     0  startup_stm32f103xb.o(.text)
    EXTI1_IRQHandler                         0x0800011b   Thumb Code     0  startup_stm32f103xb.o(.text)
    EXTI2_IRQHandler                         0x0800011b   Thumb Code     0  startup_stm32f103xb.o(.text)
    EXTI3_IRQHandler                         0x0800011b   Thumb Code     0  startup_stm32f103xb.o(.text)
    EXTI4_IRQHandler                         0x0800011b   Thumb Code     0  startup_stm32f103xb.o(.text)
    EXTI9_5_IRQHandler                       0x0800011b   Thumb Code     0  startup_stm32f103xb.o(.text)
    FLASH_IRQHandler                         0x0800011b   Thumb Code     0  startup_stm32f103xb.o(.text)
    I2C1_ER_IRQHandler                       0x0800011b   Thumb Code     0  startup_stm32f103xb.o(.text)
    I2C1_EV_IRQHandler                       0x0800011b   Thumb Code     0  startup_stm32f103xb.o(.text)
    I2C2_ER_IRQHandler                       0x0800011b   Thumb Code     0  startup_stm32f103xb.o(.text)
    I2C2_EV_IRQHandler                       0x0800011b   Thumb Code     0  startup_stm32f103xb.o(.text)
    PVD_IRQHandler                           0x0800011b   Thumb Code     0  startup_stm32f103xb.o(.text)
    RCC_IRQHandler                           0x0800011b   Thumb Code     0  startup_stm32f103xb.o(.text)
    RTC_Alarm_IRQHandler                     0x0800011b   Thumb Code     0  startup_stm32f103xb.o(.text)
    RTC_IRQHandler                           0x0800011b   Thumb Code     0  startup_stm32f103xb.o(.text)
    SPI1_IRQHandler                          0x0800011b   Thumb Code     0  startup_stm32f103xb.o(.text)
    SPI2_IRQHandler                          0x0800011b   Thumb Code     0  startup_stm32f103xb.o(.text)
    TAMPER_IRQHandler                        0x0800011b   Thumb Code     0  startup_stm32f103xb.o(.text)
    TIM1_BRK_IRQHandler                      0x0800011b   Thumb Code     0  startup_stm32f103xb.o(.text)
    TIM1_CC_IRQHandler                       0x0800011b   Thumb Code     0  startup_stm32f103xb.o(.text)
    TIM1_TRG_COM_IRQHandler                  0x0800011b   Thumb Code     0  startup_stm32f103xb.o(.text)
    TIM1_UP_IRQHandler                       0x0800011b   Thumb Code     0  startup_stm32f103xb.o(.text)
    TIM2_IRQHandler                          0x0800011b   Thumb Code     0  startup_stm32f103xb.o(.text)
    TIM3_IRQHandler                          0x0800011b   Thumb Code     0  startup_stm32f103xb.o(.text)
    TIM4_IRQHandler                          0x0800011b   Thumb Code     0  startup_stm32f103xb.o(.text)
    USART1_IRQHandler                        0x0800011b   Thumb Code     0  startup_stm32f103xb.o(.text)
    USART2_IRQHandler                        0x0800011b   Thumb Code     0  startup_stm32f103xb.o(.text)
    USART3_IRQHandler                        0x0800011b   Thumb Code     0  startup_stm32f103xb.o(.text)
    USBWakeUp_IRQHandler                     0x0800011b   Thumb Code     0  startup_stm32f103xb.o(.text)
    USB_HP_CAN1_TX_IRQHandler                0x0800011b   Thumb Code     0  startup_stm32f103xb.o(.text)
    USB_LP_CAN1_RX0_IRQHandler               0x0800011b   Thumb Code     0  startup_stm32f103xb.o(.text)
    WWDG_IRQHandler                          0x0800011b   Thumb Code     0  startup_stm32f103xb.o(.text)
    __aeabi_llsr                             0x08000125   Thumb Code    32  llushr.o(.text)
    _ll_ushift_r                             0x08000125   Thumb Code     0  llushr.o(.text)
    __aeabi_memset                           0x08000145   Thumb Code    14  memseta.o(.text)
    __aeabi_memset4                          0x08000145   Thumb Code     0  memseta.o(.text)
    __aeabi_memset8                          0x08000145   Thumb Code     0  memseta.o(.text)
    __aeabi_memclr                           0x08000153   Thumb Code     4  memseta.o(.text)
    __aeabi_memclr4                          0x08000153   Thumb Code     0  memseta.o(.text)
    __aeabi_memclr8                          0x08000153   Thumb Code     0  memseta.o(.text)
    _memset$wrapper                          0x08000157   Thumb Code    18  memseta.o(.text)
    __aeabi_fadd                             0x08000169   Thumb Code   164  fadd.o(.text)
    __aeabi_fsub                             0x0800020d   Thumb Code     6  fadd.o(.text)
    __aeabi_frsub                            0x08000213   Thumb Code     6  fadd.o(.text)
    __aeabi_fmul                             0x08000219   Thumb Code   100  fmul.o(.text)
    __aeabi_fdiv                             0x0800027d   Thumb Code   124  fdiv.o(.text)
    __aeabi_i2f                              0x080002f9   Thumb Code    18  fflti.o(.text)
    __aeabi_ui2f                             0x0800030b   Thumb Code    10  ffltui.o(.text)
    __aeabi_f2d                              0x08000315   Thumb Code    38  f2d.o(.text)
    __aeabi_cfcmpeq                          0x0800033d   Thumb Code     0  cfcmple.o(.text)
    __aeabi_cfcmple                          0x0800033d   Thumb Code    20  cfcmple.o(.text)
    __aeabi_cfrcmple                         0x08000351   Thumb Code    20  cfrcmple.o(.text)
    __aeabi_uidiv                            0x08000365   Thumb Code     0  uidiv.o(.text)
    __aeabi_uidivmod                         0x08000365   Thumb Code    44  uidiv.o(.text)
    __aeabi_uldivmod                         0x08000391   Thumb Code    98  uldiv.o(.text)
    __I$use$fp                               0x080003f3   Thumb Code     0  iusefp.o(.text)
    _float_round                             0x080003f3   Thumb Code    18  fepilogue.o(.text)
    _float_epilogue                          0x08000405   Thumb Code    92  fepilogue.o(.text)
    __aeabi_dadd                             0x08000461   Thumb Code   322  dadd.o(.text)
    __aeabi_dsub                             0x080005a3   Thumb Code     6  dadd.o(.text)
    __aeabi_drsub                            0x080005a9   Thumb Code     6  dadd.o(.text)
    __aeabi_dmul                             0x080005af   Thumb Code   228  dmul.o(.text)
    __aeabi_ddiv                             0x08000693   Thumb Code   222  ddiv.o(.text)
    __aeabi_d2ulz                            0x08000771   Thumb Code    48  dfixul.o(.text)
    __aeabi_cdrcmple                         0x080007a1   Thumb Code    48  cdrcmple.o(.text)
    __scatterload                            0x080007d1   Thumb Code    28  init.o(.text)
    __scatterload_rt2                        0x080007d1   Thumb Code     0  init.o(.text)
    __aeabi_llsl                             0x080007f5   Thumb Code    30  llshl.o(.text)
    _ll_shift_l                              0x080007f5   Thumb Code     0  llshl.o(.text)
    __aeabi_lasr                             0x08000813   Thumb Code    36  llsshr.o(.text)
    _ll_sshift_r                             0x08000813   Thumb Code     0  llsshr.o(.text)
    _double_round                            0x08000837   Thumb Code    30  depilogue.o(.text)
    _double_epilogue                         0x08000855   Thumb Code   156  depilogue.o(.text)
    App_MPU6050_Proc                         0x080008f1   Thumb Code   196  mpu6050.o(i.App_MPU6050_Proc)
    BusFault_Handler                         0x080009cd   Thumb Code     2  stm32f1xx_it.o(i.BusFault_Handler)
    DebugMon_Handler                         0x080009cf   Thumb Code     2  stm32f1xx_it.o(i.DebugMon_Handler)
    Error_Handler                            0x080009d1   Thumb Code     4  main.o(i.Error_Handler)
    HAL_Delay                                0x080009d5   Thumb Code    32  stm32f1xx_hal.o(i.HAL_Delay)
    HAL_GPIO_Init                            0x080009f9   Thumb Code   446  stm32f1xx_hal_gpio.o(i.HAL_GPIO_Init)
    HAL_GetTick                              0x08000bd9   Thumb Code     6  stm32f1xx_hal.o(i.HAL_GetTick)
    HAL_I2C_Init                             0x08000be5   Thumb Code   376  stm32f1xx_hal_i2c.o(i.HAL_I2C_Init)
    HAL_I2C_Mem_Read                         0x08000d6d   Thumb Code   586  stm32f1xx_hal_i2c.o(i.HAL_I2C_Mem_Read)
    HAL_I2C_Mem_Write                        0x08000fc9   Thumb Code   294  stm32f1xx_hal_i2c.o(i.HAL_I2C_Mem_Write)
    HAL_I2C_MspInit                          0x080010f9   Thumb Code    96  i2c.o(i.HAL_I2C_MspInit)
    HAL_IncTick                              0x08001169   Thumb Code    12  stm32f1xx_hal.o(i.HAL_IncTick)
    HAL_Init                                 0x08001179   Thumb Code    32  stm32f1xx_hal.o(i.HAL_Init)
    HAL_InitTick                             0x0800119d   Thumb Code    54  stm32f1xx_hal.o(i.HAL_InitTick)
    HAL_MspInit                              0x080011dd   Thumb Code    52  stm32f1xx_hal_msp.o(i.HAL_MspInit)
    HAL_NVIC_SetPriority                     0x08001219   Thumb Code    60  stm32f1xx_hal_cortex.o(i.HAL_NVIC_SetPriority)
    HAL_NVIC_SetPriorityGrouping             0x08001259   Thumb Code    26  stm32f1xx_hal_cortex.o(i.HAL_NVIC_SetPriorityGrouping)
    HAL_RCC_ClockConfig                      0x0800127d   Thumb Code   280  stm32f1xx_hal_rcc.o(i.HAL_RCC_ClockConfig)
    HAL_RCC_GetPCLK1Freq                     0x080013a9   Thumb Code    20  stm32f1xx_hal_rcc.o(i.HAL_RCC_GetPCLK1Freq)
    HAL_RCC_GetPCLK2Freq                     0x080013c9   Thumb Code    20  stm32f1xx_hal_rcc.o(i.HAL_RCC_GetPCLK2Freq)
    HAL_RCC_GetSysClockFreq                  0x080013e9   Thumb Code    58  stm32f1xx_hal_rcc.o(i.HAL_RCC_GetSysClockFreq)
    HAL_RCC_OscConfig                        0x08001435   Thumb Code   778  stm32f1xx_hal_rcc.o(i.HAL_RCC_OscConfig)
    HAL_SYSTICK_Config                       0x08001755   Thumb Code    40  stm32f1xx_hal_cortex.o(i.HAL_SYSTICK_Config)
    HAL_UART_Init                            0x0800177d   Thumb Code   100  stm32f1xx_hal_uart.o(i.HAL_UART_Init)
    HAL_UART_MspInit                         0x080017e1   Thumb Code   156  usart.o(i.HAL_UART_MspInit)
    HAL_UART_Transmit                        0x0800188d   Thumb Code   160  stm32f1xx_hal_uart.o(i.HAL_UART_Transmit)
    HardFault_Handler                        0x0800192d   Thumb Code     2  stm32f1xx_it.o(i.HardFault_Handler)
    MPU6050_EularAngleTest                   0x08001d6b   Thumb Code    14  mpu6050_test.o(i.MPU6050_EularAngleTest)
    MPU6050_GetAx                            0x08001d79   Thumb Code     6  mpu6050.o(i.MPU6050_GetAx)
    MPU6050_GetAy                            0x08001d85   Thumb Code     6  mpu6050.o(i.MPU6050_GetAy)
    MPU6050_GetAz                            0x08001d91   Thumb Code     6  mpu6050.o(i.MPU6050_GetAz)
    MPU6050_GetGx                            0x08001d9d   Thumb Code     6  mpu6050.o(i.MPU6050_GetGx)
    MPU6050_GetGy                            0x08001da9   Thumb Code     6  mpu6050.o(i.MPU6050_GetGy)
    MPU6050_GetGz                            0x08001db5   Thumb Code     6  mpu6050.o(i.MPU6050_GetGz)
    MPU6050_GetPitch                         0x08001dc1   Thumb Code     6  mpu6050.o(i.MPU6050_GetPitch)
    MPU6050_GetRoll                          0x08001dcd   Thumb Code     6  mpu6050.o(i.MPU6050_GetRoll)
    MPU6050_GetTemperature                   0x08001dd9   Thumb Code     6  mpu6050.o(i.MPU6050_GetTemperature)
    MPU6050_GetYaw                           0x08001de5   Thumb Code     6  mpu6050.o(i.MPU6050_GetYaw)
    MPU6050_Init                             0x08001df1   Thumb Code   114  mpu6050.o(i.MPU6050_Init)
    MPU6050_Update                           0x08001e8d   Thumb Code   268  mpu6050.o(i.MPU6050_Update)
    MX_GPIO_Init                             0x08001fad   Thumb Code    54  gpio.o(i.MX_GPIO_Init)
    MX_I2C1_Init                             0x08001fe9   Thumb Code    50  i2c.o(i.MX_I2C1_Init)
    MX_USART1_UART_Init                      0x08002029   Thumb Code    48  usart.o(i.MX_USART1_UART_Init)
    MX_USART2_UART_Init                      0x08002061   Thumb Code    48  usart.o(i.MX_USART2_UART_Init)
    MemManage_Handler                        0x08002099   Thumb Code     2  stm32f1xx_it.o(i.MemManage_Handler)
    NMI_Handler                              0x0800209b   Thumb Code     2  stm32f1xx_it.o(i.NMI_Handler)
    PendSV_Handler                           0x0800209d   Thumb Code     2  stm32f1xx_it.o(i.PendSV_Handler)
    SVC_Handler                              0x0800209f   Thumb Code     2  stm32f1xx_it.o(i.SVC_Handler)
    SysTick_Handler                          0x080020a1   Thumb Code     4  stm32f1xx_it.o(i.SysTick_Handler)
    SystemClock_Config                       0x080020a5   Thumb Code    80  main.o(i.SystemClock_Config)
    SystemInit                               0x080020f5   Thumb Code     2  system_stm32f1xx.o(i.SystemInit)
    UsageFault_Handler                       0x0800235d   Thumb Code     2  stm32f1xx_it.o(i.UsageFault_Handler)
    __0printf                                0x08002361   Thumb Code    22  printfa.o(i.__0printf)
    __1printf                                0x08002361   Thumb Code     0  printfa.o(i.__0printf)
    __2printf                                0x08002361   Thumb Code     0  printfa.o(i.__0printf)
    __c89printf                              0x08002361   Thumb Code     0  printfa.o(i.__0printf)
    printf                                   0x08002361   Thumb Code     0  printfa.o(i.__0printf)
    __scatterload_copy                       0x080023a1   Thumb Code    14  handlers.o(i.__scatterload_copy)
    __scatterload_null                       0x080023af   Thumb Code     2  handlers.o(i.__scatterload_null)
    __scatterload_zeroinit                   0x080023b1   Thumb Code    14  handlers.o(i.__scatterload_zeroinit)
    fputc                                    0x08002cf5   Thumb Code    20  main.o(i.fputc)
    main                                     0x08002d0d   Thumb Code    30  main.o(i.main)
    qatan                                    0x08002d2d   Thumb Code    54  qmath.o(i.qatan)
    qatan2                                   0x08002d75   Thumb Code    62  qmath.o(i.qatan2)
    AHBPrescTable                            0x08004dd6   Data          16  system_stm32f1xx.o(.constdata)
    APBPrescTable                            0x08004de6   Data           8  system_stm32f1xx.o(.constdata)
    Region$$Table$$Base                      0x08004df0   Number         0  anon$$obj.o(Region$$Table)
    Region$$Table$$Limit                     0x08004e10   Number         0  anon$$obj.o(Region$$Table)
    uwTickFreq                               0x20000030   Data           1  stm32f1xx_hal.o(.data)
    uwTickPrio                               0x20000034   Data           4  stm32f1xx_hal.o(.data)
    uwTick                                   0x20000038   Data           4  stm32f1xx_hal.o(.data)
    SystemCoreClock                          0x2000003c   Data           4  system_stm32f1xx.o(.data)
    __stdout                                 0x20000040   Data           4  stdout.o(.data)
    hi2c1                                    0x20000044   Data          84  i2c.o(.bss)
    huart1                                   0x20000098   Data          72  usart.o(.bss)
    huart2                                   0x200000e0   Data          72  usart.o(.bss)
    __initial_sp                             0x20000528   Data           0  startup_stm32f103xb.o(STACK)



==============================================================================

Memory Map of the image

  Image Entry point : 0x080000ed

  Load Region LR_IROM1 (Base: 0x08000000, Size: 0x00004e54, Max: 0x00010000, ABSOLUTE)

    Execution Region ER_IROM1 (Exec base: 0x08000000, Load base: 0x08000000, Size: 0x00004e10, Max: 0x00010000, ABSOLUTE)

    Exec Addr    Load Addr    Size         Type   Attr      Idx    E Section Name        Object

    0x08000000   0x08000000   0x000000ec   Data   RO            3    RESET               startup_stm32f103xb.o
    0x080000ec   0x080000ec   0x00000000   Code   RO         2522  * .ARM.Collect$$$$00000000  mc_w.l(entry.o)
    0x080000ec   0x080000ec   0x00000004   Code   RO         2808    .ARM.Collect$$$$00000001  mc_w.l(entry2.o)
    0x080000f0   0x080000f0   0x00000004   Code   RO         2811    .ARM.Collect$$$$00000004  mc_w.l(entry5.o)
    0x080000f4   0x080000f4   0x00000000   Code   RO         2813    .ARM.Collect$$$$00000008  mc_w.l(entry7b.o)
    0x080000f4   0x080000f4   0x00000000   Code   RO         2815    .ARM.Collect$$$$0000000A  mc_w.l(entry8b.o)
    0x080000f4   0x080000f4   0x00000008   Code   RO         2816    .ARM.Collect$$$$0000000B  mc_w.l(entry9a.o)
    0x080000fc   0x080000fc   0x00000000   Code   RO         2818    .ARM.Collect$$$$0000000D  mc_w.l(entry10a.o)
    0x080000fc   0x080000fc   0x00000000   Code   RO         2820    .ARM.Collect$$$$0000000F  mc_w.l(entry11a.o)
    0x080000fc   0x080000fc   0x00000004   Code   RO         2809    .ARM.Collect$$$$00002712  mc_w.l(entry2.o)
    0x08000100   0x08000100   0x00000024   Code   RO            4    .text               startup_stm32f103xb.o
    0x08000124   0x08000124   0x00000020   Code   RO         2525    .text               mc_w.l(llushr.o)
    0x08000144   0x08000144   0x00000024   Code   RO         2527    .text               mc_w.l(memseta.o)
    0x08000168   0x08000168   0x000000b0   Code   RO         2790    .text               mf_w.l(fadd.o)
    0x08000218   0x08000218   0x00000064   Code   RO         2792    .text               mf_w.l(fmul.o)
    0x0800027c   0x0800027c   0x0000007c   Code   RO         2794    .text               mf_w.l(fdiv.o)
    0x080002f8   0x080002f8   0x00000012   Code   RO         2796    .text               mf_w.l(fflti.o)
    0x0800030a   0x0800030a   0x0000000a   Code   RO         2798    .text               mf_w.l(ffltui.o)
    0x08000314   0x08000314   0x00000026   Code   RO         2802    .text               mf_w.l(f2d.o)
    0x0800033a   0x0800033a   0x00000002   PAD
    0x0800033c   0x0800033c   0x00000014   Code   RO         2804    .text               mf_w.l(cfcmple.o)
    0x08000350   0x08000350   0x00000014   Code   RO         2806    .text               mf_w.l(cfrcmple.o)
    0x08000364   0x08000364   0x0000002c   Code   RO         2823    .text               mc_w.l(uidiv.o)
    0x08000390   0x08000390   0x00000062   Code   RO         2825    .text               mc_w.l(uldiv.o)
    0x080003f2   0x080003f2   0x00000000   Code   RO         2827    .text               mc_w.l(iusefp.o)
    0x080003f2   0x080003f2   0x0000006e   Code   RO         2828    .text               mf_w.l(fepilogue.o)
    0x08000460   0x08000460   0x0000014e   Code   RO         2830    .text               mf_w.l(dadd.o)
    0x080005ae   0x080005ae   0x000000e4   Code   RO         2832    .text               mf_w.l(dmul.o)
    0x08000692   0x08000692   0x000000de   Code   RO         2834    .text               mf_w.l(ddiv.o)
    0x08000770   0x08000770   0x00000030   Code   RO         2836    .text               mf_w.l(dfixul.o)
    0x080007a0   0x080007a0   0x00000030   Code   RO         2838    .text               mf_w.l(cdrcmple.o)
    0x080007d0   0x080007d0   0x00000024   Code   RO         2840    .text               mc_w.l(init.o)
    0x080007f4   0x080007f4   0x0000001e   Code   RO         2842    .text               mc_w.l(llshl.o)
    0x08000812   0x08000812   0x00000024   Code   RO         2844    .text               mc_w.l(llsshr.o)
    0x08000836   0x08000836   0x000000ba   Code   RO         2846    .text               mf_w.l(depilogue.o)
    0x080008f0   0x080008f0   0x000000dc   Code   RO           13    i.App_MPU6050_Proc  mpu6050.o
    0x080009cc   0x080009cc   0x00000002   Code   RO          500    i.BusFault_Handler  stm32f1xx_it.o
    0x080009ce   0x080009ce   0x00000002   Code   RO          501    i.DebugMon_Handler  stm32f1xx_it.o
    0x080009d0   0x080009d0   0x00000004   Code   RO          263    i.Error_Handler     main.o
    0x080009d4   0x080009d4   0x00000024   Code   RO         1154    i.HAL_Delay         stm32f1xx_hal.o
    0x080009f8   0x080009f8   0x000001e0   Code   RO         1464    i.HAL_GPIO_Init     stm32f1xx_hal_gpio.o
    0x08000bd8   0x08000bd8   0x0000000c   Code   RO         1158    i.HAL_GetTick       stm32f1xx_hal.o
    0x08000be4   0x08000be4   0x00000188   Code   RO          721    i.HAL_I2C_Init      stm32f1xx_hal_i2c.o
    0x08000d6c   0x08000d6c   0x0000025c   Code   RO          739    i.HAL_I2C_Mem_Read  stm32f1xx_hal_i2c.o
    0x08000fc8   0x08000fc8   0x00000130   Code   RO          742    i.HAL_I2C_Mem_Write  stm32f1xx_hal_i2c.o
    0x080010f8   0x080010f8   0x00000070   Code   RO          411    i.HAL_I2C_MspInit   i2c.o
    0x08001168   0x08001168   0x00000010   Code   RO         1164    i.HAL_IncTick       stm32f1xx_hal.o
    0x08001178   0x08001178   0x00000024   Code   RO         1165    i.HAL_Init          stm32f1xx_hal.o
    0x0800119c   0x0800119c   0x00000040   Code   RO         1166    i.HAL_InitTick      stm32f1xx_hal.o
    0x080011dc   0x080011dc   0x0000003c   Code   RO          575    i.HAL_MspInit       stm32f1xx_hal_msp.o
    0x08001218   0x08001218   0x00000040   Code   RO         1630    i.HAL_NVIC_SetPriority  stm32f1xx_hal_cortex.o
    0x08001258   0x08001258   0x00000024   Code   RO         1631    i.HAL_NVIC_SetPriorityGrouping  stm32f1xx_hal_cortex.o
    0x0800127c   0x0800127c   0x0000012c   Code   RO         1322    i.HAL_RCC_ClockConfig  stm32f1xx_hal_rcc.o
    0x080013a8   0x080013a8   0x00000020   Code   RO         1329    i.HAL_RCC_GetPCLK1Freq  stm32f1xx_hal_rcc.o
    0x080013c8   0x080013c8   0x00000020   Code   RO         1330    i.HAL_RCC_GetPCLK2Freq  stm32f1xx_hal_rcc.o
    0x080013e8   0x080013e8   0x0000004c   Code   RO         1331    i.HAL_RCC_GetSysClockFreq  stm32f1xx_hal_rcc.o
    0x08001434   0x08001434   0x00000320   Code   RO         1334    i.HAL_RCC_OscConfig  stm32f1xx_hal_rcc.o
    0x08001754   0x08001754   0x00000028   Code   RO         1635    i.HAL_SYSTICK_Config  stm32f1xx_hal_cortex.o
    0x0800177c   0x0800177c   0x00000064   Code   RO         2154    i.HAL_UART_Init     stm32f1xx_hal_uart.o
    0x080017e0   0x080017e0   0x000000ac   Code   RO          453    i.HAL_UART_MspInit  usart.o
    0x0800188c   0x0800188c   0x000000a0   Code   RO         2162    i.HAL_UART_Transmit  stm32f1xx_hal_uart.o
    0x0800192c   0x0800192c   0x00000002   Code   RO          502    i.HardFault_Handler  stm32f1xx_it.o
    0x0800192e   0x0800192e   0x0000002e   Code   RO          764    i.I2C_IsAcknowledgeFailed  stm32f1xx_hal_i2c.o
    0x0800195c   0x0800195c   0x000000fc   Code   RO          774    i.I2C_RequestMemoryRead  stm32f1xx_hal_i2c.o
    0x08001a58   0x08001a58   0x000000a8   Code   RO          775    i.I2C_RequestMemoryWrite  stm32f1xx_hal_i2c.o
    0x08001b00   0x08001b00   0x00000056   Code   RO          779    i.I2C_WaitOnBTFFlagUntilTimeout  stm32f1xx_hal_i2c.o
    0x08001b56   0x08001b56   0x00000002   PAD
    0x08001b58   0x08001b58   0x00000090   Code   RO          780    i.I2C_WaitOnFlagUntilTimeout  stm32f1xx_hal_i2c.o
    0x08001be8   0x08001be8   0x000000bc   Code   RO          781    i.I2C_WaitOnMasterAddressFlagUntilTimeout  stm32f1xx_hal_i2c.o
    0x08001ca4   0x08001ca4   0x00000070   Code   RO          782    i.I2C_WaitOnRXNEFlagUntilTimeout  stm32f1xx_hal_i2c.o
    0x08001d14   0x08001d14   0x00000056   Code   RO          783    i.I2C_WaitOnTXEFlagUntilTimeout  stm32f1xx_hal_i2c.o
    0x08001d6a   0x08001d6a   0x0000000e   Code   RO          217    i.MPU6050_EularAngleTest  mpu6050_test.o
    0x08001d78   0x08001d78   0x0000000c   Code   RO           14    i.MPU6050_GetAx     mpu6050.o
    0x08001d84   0x08001d84   0x0000000c   Code   RO           15    i.MPU6050_GetAy     mpu6050.o
    0x08001d90   0x08001d90   0x0000000c   Code   RO           16    i.MPU6050_GetAz     mpu6050.o
    0x08001d9c   0x08001d9c   0x0000000c   Code   RO           17    i.MPU6050_GetGx     mpu6050.o
    0x08001da8   0x08001da8   0x0000000c   Code   RO           18    i.MPU6050_GetGy     mpu6050.o
    0x08001db4   0x08001db4   0x0000000c   Code   RO           19    i.MPU6050_GetGz     mpu6050.o
    0x08001dc0   0x08001dc0   0x0000000c   Code   RO           20    i.MPU6050_GetPitch  mpu6050.o
    0x08001dcc   0x08001dcc   0x0000000c   Code   RO           21    i.MPU6050_GetRoll   mpu6050.o
    0x08001dd8   0x08001dd8   0x0000000c   Code   RO           22    i.MPU6050_GetTemperature  mpu6050.o
    0x08001de4   0x08001de4   0x0000000c   Code   RO           23    i.MPU6050_GetYaw    mpu6050.o
    0x08001df0   0x08001df0   0x00000078   Code   RO           24    i.MPU6050_Init      mpu6050.o
    0x08001e68   0x08001e68   0x00000024   Code   RO           25    i.MPU6050_ReadReg   mpu6050.o
    0x08001e8c   0x08001e8c   0x00000120   Code   RO           26    i.MPU6050_Update    mpu6050.o
    0x08001fac   0x08001fac   0x0000003c   Code   RO          305    i.MX_GPIO_Init      gpio.o
    0x08001fe8   0x08001fe8   0x00000040   Code   RO          412    i.MX_I2C1_Init      i2c.o
    0x08002028   0x08002028   0x00000038   Code   RO          454    i.MX_USART1_UART_Init  usart.o
    0x08002060   0x08002060   0x00000038   Code   RO          455    i.MX_USART2_UART_Init  usart.o
    0x08002098   0x08002098   0x00000002   Code   RO          503    i.MemManage_Handler  stm32f1xx_it.o
    0x0800209a   0x0800209a   0x00000002   Code   RO          504    i.NMI_Handler       stm32f1xx_it.o
    0x0800209c   0x0800209c   0x00000002   Code   RO          505    i.PendSV_Handler    stm32f1xx_it.o
    0x0800209e   0x0800209e   0x00000002   Code   RO          506    i.SVC_Handler       stm32f1xx_it.o
    0x080020a0   0x080020a0   0x00000004   Code   RO          507    i.SysTick_Handler   stm32f1xx_it.o
    0x080020a4   0x080020a4   0x00000050   Code   RO          264    i.SystemClock_Config  main.o
    0x080020f4   0x080020f4   0x00000002   Code   RO         2488    i.SystemInit        system_stm32f1xx.o
    0x080020f6   0x080020f6   0x0000004e   Code   RO         2177    i.UART_EndRxTransfer  stm32f1xx_hal_uart.o
    0x08002144   0x08002144   0x000000b8   Code   RO         2180    i.UART_SetConfig    stm32f1xx_hal_uart.o
    0x080021fc   0x080021fc   0x00000072   Code   RO         2183    i.UART_WaitOnFlagUntilTimeout  stm32f1xx_hal_uart.o
    0x0800226e   0x0800226e   0x00000002   PAD
    0x08002270   0x08002270   0x000000ec   Code   RO          219    i.USART2_Proc       mpu6050_test.o
    0x0800235c   0x0800235c   0x00000002   Code   RO          508    i.UsageFault_Handler  stm32f1xx_it.o
    0x0800235e   0x0800235e   0x00000002   PAD
    0x08002360   0x08002360   0x00000020   Code   RO         2762    i.__0printf         mc_w.l(printfa.o)
    0x08002380   0x08002380   0x00000020   Code   RO         1637    i.__NVIC_SetPriority  stm32f1xx_hal_cortex.o
    0x080023a0   0x080023a0   0x0000000e   Code   RO         2850    i.__scatterload_copy  mc_w.l(handlers.o)
    0x080023ae   0x080023ae   0x00000002   Code   RO         2851    i.__scatterload_null  mc_w.l(handlers.o)
    0x080023b0   0x080023b0   0x0000000e   Code   RO         2852    i.__scatterload_zeroinit  mc_w.l(handlers.o)
    0x080023be   0x080023be   0x00000002   PAD
    0x080023c0   0x080023c0   0x00000184   Code   RO         2769    i._fp_digits        mc_w.l(printfa.o)
    0x08002544   0x08002544   0x000006dc   Code   RO         2770    i._printf_core      mc_w.l(printfa.o)
    0x08002c20   0x08002c20   0x00000024   Code   RO         2771    i._printf_post_padding  mc_w.l(printfa.o)
    0x08002c44   0x08002c44   0x0000002e   Code   RO         2772    i._printf_pre_padding  mc_w.l(printfa.o)
    0x08002c72   0x08002c72   0x00000080   Code   RO          599    i.binary_search_lerp  qmath.o
    0x08002cf2   0x08002cf2   0x00000002   PAD
    0x08002cf4   0x08002cf4   0x00000018   Code   RO          265    i.fputc             main.o
    0x08002d0c   0x08002d0c   0x0000001e   Code   RO          266    i.main              main.o
    0x08002d2a   0x08002d2a   0x00000002   PAD
    0x08002d2c   0x08002d2c   0x00000048   Code   RO          602    i.qatan             qmath.o
    0x08002d74   0x08002d74   0x00000050   Code   RO          603    i.qatan2            qmath.o
    0x08002dc4   0x08002dc4   0x00002000   Data   RO          608    .constdata          qmath.o
    0x08004dc4   0x08004dc4   0x00000012   Data   RO         1335    .constdata          stm32f1xx_hal_rcc.o
    0x08004dd6   0x08004dd6   0x00000010   Data   RO         2489    .constdata          system_stm32f1xx.o
    0x08004de6   0x08004de6   0x00000008   Data   RO         2490    .constdata          system_stm32f1xx.o
    0x08004dee   0x08004dee   0x00000002   PAD
    0x08004df0   0x08004df0   0x00000020   Data   RO         2848    Region$$Table       anon$$obj.o


    Execution Region RW_IRAM1 (Exec base: 0x20000000, Load base: 0x08004e10, Size: 0x00000528, Max: 0x00005000, ABSOLUTE)

    Exec Addr    Load Addr    Size         Type   Attr      Idx    E Section Name        Object

    0x20000000   0x08004e10   0x0000002c   Data   RW           27    .data               mpu6050.o
    0x2000002c   0x08004e3c   0x00000004   Data   RW          220    .data               mpu6050_test.o
    0x20000030   0x08004e40   0x0000000c   Data   RW         1172    .data               stm32f1xx_hal.o
    0x2000003c   0x08004e4c   0x00000004   Data   RW         2491    .data               system_stm32f1xx.o
    0x20000040   0x08004e50   0x00000004   Data   RW         2822    .data               mc_w.l(stdout.o)
    0x20000044        -       0x00000054   Zero   RW          413    .bss                i2c.o
    0x20000098        -       0x00000090   Zero   RW          456    .bss                usart.o
    0x20000128        -       0x00000400   Zero   RW            1    STACK               startup_stm32f103xb.o


==============================================================================

Image component sizes


      Code (inc. data)   RO Data    RW Data    ZI Data      Debug   Object Name

        60          6          0          0          0     397411   gpio.o
       176         30          0          0         84       1581   i2c.o
       138          4          0          0          0       2292   main.o
       784        114          0         44          0     407300   mpu6050.o
       250         38          0          4          0       1085   mpu6050_test.o
       280         36       8192          0          0       2573   qmath.o
        36          8        236          0       1024        784   startup_stm32f103xb.o
       164         28          0         12          0       5741   stm32f1xx_hal.o
       172         14          0          0          0      28178   stm32f1xx_hal_cortex.o
       480         34          0          0          0       2224   stm32f1xx_hal_gpio.o
      2382         56          0          0          0      12766   stm32f1xx_hal_i2c.o
        60          8          0          0          0        834   stm32f1xx_hal_msp.o
      1240         84         18          0          0       4992   stm32f1xx_hal_rcc.o
       636          6          0          0          0       4512   stm32f1xx_hal_uart.o
        20          0          0          0          0       3686   stm32f1xx_it.o
         2          0         24          4          0       1059   system_stm32f1xx.o
       284         32          0          0        144       2247   usart.o

    ----------------------------------------------------------------------
      7174        498       8504         64       1252     879265   Object Totals
         0          0         32          0          0          0   (incl. Generated)
        10          0          2          0          0          0   (incl. Padding)

    ----------------------------------------------------------------------

      Code (inc. data)   RO Data    RW Data    ZI Data      Debug   Library Member Name

         0          0          0          0          0          0   entry.o
         0          0          0          0          0          0   entry10a.o
         0          0          0          0          0          0   entry11a.o
         8          4          0          0          0          0   entry2.o
         4          0          0          0          0          0   entry5.o
         0          0          0          0          0          0   entry7b.o
         0          0          0          0          0          0   entry8b.o
         8          4          0          0          0          0   entry9a.o
        30          0          0          0          0          0   handlers.o
        36          8          0          0          0         68   init.o
         0          0          0          0          0          0   iusefp.o
        30          0          0          0          0         68   llshl.o
        36          0          0          0          0         68   llsshr.o
        32          0          0          0          0         68   llushr.o
        36          0          0          0          0        108   memseta.o
      2258         90          0          0          0        452   printfa.o
         0          0          0          4          0          0   stdout.o
        44          0          0          0          0         80   uidiv.o
        98          0          0          0          0         92   uldiv.o
        48          0          0          0          0         68   cdrcmple.o
        20          0          0          0          0         68   cfcmple.o
        20          0          0          0          0         68   cfrcmple.o
       334          0          0          0          0        148   dadd.o
       222          0          0          0          0        100   ddiv.o
       186          0          0          0          0        176   depilogue.o
        48          0          0          0          0         68   dfixul.o
       228          0          0          0          0         96   dmul.o
        38          0          0          0          0         68   f2d.o
       176          0          0          0          0        140   fadd.o
       124          0          0          0          0         88   fdiv.o
       110          0          0          0          0        168   fepilogue.o
        18          0          0          0          0         68   fflti.o
        10          0          0          0          0         68   ffltui.o
       100          0          0          0          0         76   fmul.o

    ----------------------------------------------------------------------
      4306        106          0          4          0       2472   Library Totals
         4          0          0          0          0          0   (incl. Padding)

    ----------------------------------------------------------------------

      Code (inc. data)   RO Data    RW Data    ZI Data      Debug   Library Name

      2620        106          0          4          0       1004   mc_w.l
      1682          0          0          0          0       1468   mf_w.l

    ----------------------------------------------------------------------
      4306        106          0          4          0       2472   Library Totals

    ----------------------------------------------------------------------

==============================================================================


      Code (inc. data)   RO Data    RW Data    ZI Data      Debug   

     11480        604       8504         68       1252     877105   Grand Totals
     11480        604       8504         68       1252     877105   ELF Image Totals
     11480        604       8504         68          0          0   ROM Totals

==============================================================================

    Total RO  Size (Code + RO Data)                19984 (  19.52kB)
    Total RW  Size (RW Data + ZI Data)              1320 (   1.29kB)
    Total ROM Size (Code + RO Data + RW Data)      20052 (  19.58kB)

==============================================================================

